Archive member included to satisfy reference by file (symbol)

c:/users/mmb_kuba/appdata/roaming/xpacks/@xpack-dev-tools/arm-none-eabi-gcc/8.3.1-1.3.1/.content/bin/../lib/gcc/arm-none-eabi/8.3.1/../../../../arm-none-eabi/lib/thumb/v7e-m+dp/hard\libc_nano.a(lib_a-exit.o)
                              c:/users/mmb_kuba/appdata/roaming/xpacks/@xpack-dev-tools/arm-none-eabi-gcc/8.3.1-1.3.1/.content/bin/../lib/gcc/arm-none-eabi/8.3.1/../../../../arm-none-eabi/lib/thumb/v7e-m+dp/hard/crt0.o (exit)
c:/users/mmb_kuba/appdata/roaming/xpacks/@xpack-dev-tools/arm-none-eabi-gcc/8.3.1-1.3.1/.content/bin/../lib/gcc/arm-none-eabi/8.3.1/../../../../arm-none-eabi/lib/thumb/v7e-m+dp/hard\libc_nano.a(lib_a-impure.o)
                              c:/users/mmb_kuba/appdata/roaming/xpacks/@xpack-dev-tools/arm-none-eabi-gcc/8.3.1-1.3.1/.content/bin/../lib/gcc/arm-none-eabi/8.3.1/../../../../arm-none-eabi/lib/thumb/v7e-m+dp/hard\libc_nano.a(lib_a-exit.o) (_global_impure_ptr)
c:/users/mmb_kuba/appdata/roaming/xpacks/@xpack-dev-tools/arm-none-eabi-gcc/8.3.1-1.3.1/.content/bin/../lib/gcc/arm-none-eabi/8.3.1/../../../../arm-none-eabi/lib/thumb/v7e-m+dp/hard\libc_nano.a(lib_a-init.o)
                              c:/users/mmb_kuba/appdata/roaming/xpacks/@xpack-dev-tools/arm-none-eabi-gcc/8.3.1-1.3.1/.content/bin/../lib/gcc/arm-none-eabi/8.3.1/../../../../arm-none-eabi/lib/thumb/v7e-m+dp/hard/crt0.o (__libc_init_array)
c:/users/mmb_kuba/appdata/roaming/xpacks/@xpack-dev-tools/arm-none-eabi-gcc/8.3.1-1.3.1/.content/bin/../lib/gcc/arm-none-eabi/8.3.1/../../../../arm-none-eabi/lib/thumb/v7e-m+dp/hard\libc_nano.a(lib_a-memset.o)
                              c:/users/mmb_kuba/appdata/roaming/xpacks/@xpack-dev-tools/arm-none-eabi-gcc/8.3.1-1.3.1/.content/bin/../lib/gcc/arm-none-eabi/8.3.1/../../../../arm-none-eabi/lib/thumb/v7e-m+dp/hard/crt0.o (memset)
c:/users/mmb_kuba/appdata/roaming/xpacks/@xpack-dev-tools/arm-none-eabi-gcc/8.3.1-1.3.1/.content/bin/../lib/gcc/arm-none-eabi/8.3.1/../../../../arm-none-eabi/lib/thumb/v7e-m+dp/hard\libc_nano.a(lib_a-nano-vfprintf_float.o)
                              (_printf_float)
c:/users/mmb_kuba/appdata/roaming/xpacks/@xpack-dev-tools/arm-none-eabi-gcc/8.3.1-1.3.1/.content/bin/../lib/gcc/arm-none-eabi/8.3.1/../../../../arm-none-eabi/lib/thumb/v7e-m+dp/hard\libc_nano.a(lib_a-nano-vfprintf_i.o)
                              c:/users/mmb_kuba/appdata/roaming/xpacks/@xpack-dev-tools/arm-none-eabi-gcc/8.3.1-1.3.1/.content/bin/../lib/gcc/arm-none-eabi/8.3.1/../../../../arm-none-eabi/lib/thumb/v7e-m+dp/hard\libc_nano.a(lib_a-nano-vfprintf_float.o) (_printf_common)
c:/users/mmb_kuba/appdata/roaming/xpacks/@xpack-dev-tools/arm-none-eabi-gcc/8.3.1-1.3.1/.content/bin/../lib/gcc/arm-none-eabi/8.3.1/../../../../arm-none-eabi/lib/thumb/v7e-m+dp/hard\libc_nano.a(lib_a-strlen.o)
                              c:/users/mmb_kuba/appdata/roaming/xpacks/@xpack-dev-tools/arm-none-eabi-gcc/8.3.1-1.3.1/.content/bin/../lib/gcc/arm-none-eabi/8.3.1/../../../../arm-none-eabi/lib/thumb/v7e-m+dp/hard\libc_nano.a(lib_a-nano-vfprintf_float.o) (strlen)
c:/users/mmb_kuba/appdata/roaming/xpacks/@xpack-dev-tools/arm-none-eabi-gcc/8.3.1-1.3.1/.content/bin/../lib/gcc/arm-none-eabi/8.3.1/../../../../arm-none-eabi/lib/thumb/v7e-m+dp/hard\libc_nano.a(lib_a-dtoa.o)
                              c:/users/mmb_kuba/appdata/roaming/xpacks/@xpack-dev-tools/arm-none-eabi-gcc/8.3.1-1.3.1/.content/bin/../lib/gcc/arm-none-eabi/8.3.1/../../../../arm-none-eabi/lib/thumb/v7e-m+dp/hard\libc_nano.a(lib_a-nano-vfprintf_float.o) (_dtoa_r)
c:/users/mmb_kuba/appdata/roaming/xpacks/@xpack-dev-tools/arm-none-eabi-gcc/8.3.1-1.3.1/.content/bin/../lib/gcc/arm-none-eabi/8.3.1/../../../../arm-none-eabi/lib/thumb/v7e-m+dp/hard\libc_nano.a(lib_a-localeconv.o)
                              c:/users/mmb_kuba/appdata/roaming/xpacks/@xpack-dev-tools/arm-none-eabi-gcc/8.3.1-1.3.1/.content/bin/../lib/gcc/arm-none-eabi/8.3.1/../../../../arm-none-eabi/lib/thumb/v7e-m+dp/hard\libc_nano.a(lib_a-nano-vfprintf_float.o) (_localeconv_r)
c:/users/mmb_kuba/appdata/roaming/xpacks/@xpack-dev-tools/arm-none-eabi-gcc/8.3.1-1.3.1/.content/bin/../lib/gcc/arm-none-eabi/8.3.1/../../../../arm-none-eabi/lib/thumb/v7e-m+dp/hard\libc_nano.a(lib_a-malloc.o)
                              c:/users/mmb_kuba/appdata/roaming/xpacks/@xpack-dev-tools/arm-none-eabi-gcc/8.3.1-1.3.1/.content/bin/../lib/gcc/arm-none-eabi/8.3.1/../../../../arm-none-eabi/lib/thumb/v7e-m+dp/hard\libc_nano.a(lib_a-dtoa.o) (malloc)
c:/users/mmb_kuba/appdata/roaming/xpacks/@xpack-dev-tools/arm-none-eabi-gcc/8.3.1-1.3.1/.content/bin/../lib/gcc/arm-none-eabi/8.3.1/../../../../arm-none-eabi/lib/thumb/v7e-m+dp/hard\libc_nano.a(lib_a-memchr.o)
                              c:/users/mmb_kuba/appdata/roaming/xpacks/@xpack-dev-tools/arm-none-eabi-gcc/8.3.1-1.3.1/.content/bin/../lib/gcc/arm-none-eabi/8.3.1/../../../../arm-none-eabi/lib/thumb/v7e-m+dp/hard\libc_nano.a(lib_a-nano-vfprintf_i.o) (memchr)
[...]
Memory Configuration

Name             Origin             Length             Attributes
FLASH            0x0000000008000000 0x0000000000200000 xr
DTCMRAM          0x0000000020000000 0x0000000000020000 xrw
RAM_D1           0x0000000024000000 0x0000000000080000 xrw
RAM_D2           0x0000000030000000 0x0000000000048000 xrw
RAM_D3           0x0000000038000000 0x0000000000010000 xrw
ITCMRAM          0x0000000000000000 0x0000000000010000 xrw
*default*        0x0000000000000000 0xffffffffffffffff

Linker script and memory map

LOAD c:/users/mmb_kuba/appdata/roaming/xpacks/@xpack-dev-tools/arm-none-eabi-gcc/8.3.1-1.3.1/.content/bin/../lib/gcc/arm-none-eabi/8.3.1/thumb/v7e-m+dp/hard/crti.o
LOAD c:/users/mmb_kuba/appdata/roaming/xpacks/@xpack-dev-tools/arm-none-eabi-gcc/8.3.1-1.3.1/.content/bin/../lib/gcc/arm-none-eabi/8.3.1/thumb/v7e-m+dp/hard/crtbegin.o
LOAD c:/users/mmb_kuba/appdata/roaming/xpacks/@xpack-dev-tools/arm-none-eabi-gcc/8.3.1-1.3.1/.content/bin/../lib/gcc/arm-none-eabi/8.3.1/../../../../arm-none-eabi/lib/thumb/v7e-m+dp/hard/crt0.o
START GROUP
LOAD c:/users/mmb_kuba/appdata/roaming/xpacks/@xpack-dev-tools/arm-none-eabi-gcc/8.3.1-1.3.1/.content/bin/../lib/gcc/arm-none-eabi/8.3.1/../../../../arm-none-eabi/lib/thumb/v7e-m+dp/hard\libc_nano.a
LOAD c:/users/mmb_kuba/appdata/roaming/xpacks/@xpack-dev-tools/arm-none-eabi-gcc/8.3.1-1.3.1/.content/bin/../lib/gcc/arm-none-eabi/8.3.1/../../../../arm-none-eabi/lib/thumb/v7e-m+dp/hard\libm.a
LOAD c:/users/mmb_kuba/appdata/roaming/xpacks/@xpack-dev-tools/arm-none-eabi-gcc/8.3.1-1.3.1/.content/bin/../lib/gcc/arm-none-eabi/8.3.1/../../../../arm-none-eabi/lib/thumb/v7e-m+dp/hard\libstdc++_nano.a
LOAD c:/users/mmb_kuba/appdata/roaming/xpacks/@xpack-dev-tools/arm-none-eabi-gcc/8.3.1-1.3.1/.content/bin/../lib/gcc/arm-none-eabi/8.3.1/../../../../arm-none-eabi/lib/thumb/v7e-m+dp/hard\libsupc++_nano.a
END GROUP
LOAD CMakeFiles/cmake_Example_H743.dir/Core/Src/main.c.obj
LOAD CMakeFiles/cmake_Example_H743.dir/Core/Src/gpio.c.obj
LOAD CMakeFiles/cmake_Example_H743.dir/Core/Src/spi.c.obj
LOAD CMakeFiles/cmake_Example_H743.dir/Core/Src/stm32h7xx_it.c.obj
LOAD CMakeFiles/cmake_Example_H743.dir/Core/Src/syscalls.c.obj
LOAD CMakeFiles/cmake_Example_H743.dir/Core/Src/sysmem.c.obj
LOAD CMakeFiles/cmake_Example_H743.dir/Core/Src/system_stm32h7xx.c.obj
LOAD CMakeFiles/cmake_Example_H743.dir/Core/Startup/startup_stm32h743iitx.s.obj
LOAD CMakeFiles/cmake_Example_H743.dir/Drivers/STM32H7xx_HAL_Driver/Src/stm32h7xx_hal.c.obj
LOAD CMakeFiles/cmake_Example_H743.dir/Drivers/STM32H7xx_HAL_Driver/Src/stm32h7xx_hal_cortex.c.obj
LOAD CMakeFiles/cmake_Example_H743.dir/Drivers/STM32H7xx_HAL_Driver/Src/stm32h7xx_hal_dma.c.obj
LOAD CMakeFiles/cmake_Example_H743.dir/Drivers/STM32H7xx_HAL_Driver/Src/stm32h7xx_hal_dma_ex.c.obj
LOAD CMakeFiles/cmake_Example_H743.dir/Drivers/STM32H7xx_HAL_Driver/Src/stm32h7xx_hal_exti.c.obj
LOAD CMakeFiles/cmake_Example_H743.dir/Drivers/STM32H7xx_HAL_Driver/Src/stm32h7xx_hal_flash.c.obj
LOAD CMakeFiles/cmake_Example_H743.dir/Drivers/STM32H7xx_HAL_Driver/Src/stm32h7xx_hal_flash_ex.c.obj
LOAD CMakeFiles/cmake_Example_H743.dir/Drivers/STM32H7xx_HAL_Driver/Src/stm32h7xx_hal_gpio.c.obj
LOAD CMakeFiles/cmake_Example_H743.dir/Drivers/STM32H7xx_HAL_Driver/Src/stm32h7xx_hal_hsem.c.obj
LOAD CMakeFiles/cmake_Example_H743.dir/Drivers/STM32H7xx_HAL_Driver/Src/stm32h7xx_hal_i2c.c.obj
LOAD CMakeFiles/cmake_Example_H743.dir/Drivers/STM32H7xx_HAL_Driver/Src/stm32h7xx_hal_i2c_ex.c.obj
LOAD CMakeFiles/cmake_Example_H743.dir/Drivers/STM32H7xx_HAL_Driver/Src/stm32h7xx_hal_mdma.c.obj
LOAD CMakeFiles/cmake_Example_H743.dir/Drivers/STM32H7xx_HAL_Driver/Src/stm32h7xx_hal_pwr.c.obj
LOAD CMakeFiles/cmake_Example_H743.dir/Drivers/STM32H7xx_HAL_Driver/Src/stm32h7xx_hal_pwr_ex.c.obj
LOAD CMakeFiles/cmake_Example_H743.dir/Drivers/STM32H7xx_HAL_Driver/Src/stm32h7xx_hal_rcc.c.obj
LOAD CMakeFiles/cmake_Example_H743.dir/Drivers/STM32H7xx_HAL_Driver/Src/stm32h7xx_hal_rcc_ex.c.obj
LOAD CMakeFiles/cmake_Example_H743.dir/Drivers/STM32H7xx_HAL_Driver/Src/stm32h7xx_hal_spi.c.obj
LOAD CMakeFiles/cmake_Example_H743.dir/Drivers/STM32H7xx_HAL_Driver/Src/stm32h7xx_hal_spi_ex.c.obj
LOAD CMakeFiles/cmake_Example_H743.dir/Drivers/STM32H7xx_HAL_Driver/Src/stm32h7xx_hal_tim.c.obj
LOAD CMakeFiles/cmake_Example_H743.dir/Drivers/STM32H7xx_HAL_Driver/Src/stm32h7xx_hal_tim_ex.c.obj
LOAD CMakeFiles/cmake_Example_H743.dir/FATFS/App/fatfs.c.obj
LOAD CMakeFiles/cmake_Example_H743.dir/FATFS/Target/user_diskio.c.obj
LOAD CMakeFiles/cmake_Example_H743.dir/Middlewares/Third_Party/FatFs/src/option/syscall.c.obj
LOAD CMakeFiles/cmake_Example_H743.dir/Middlewares/Third_Party/FatFs/src/diskio.c.obj
LOAD CMakeFiles/cmake_Example_H743.dir/Middlewares/Third_Party/FatFs/src/ff_gen_drv.c.obj
LOAD CMakeFiles/cmake_Example_H743.dir/Middlewares/Third_Party/FatFs/src/ff.c.obj
START GROUP
LOAD c:/users/mmb_kuba/appdata/roaming/xpacks/@xpack-dev-tools/arm-none-eabi-gcc/8.3.1-1.3.1/.content/bin/../lib/gcc/arm-none-eabi/8.3.1/thumb/v7e-m+dp/hard\libgcc.a
LOAD c:/users/mmb_kuba/appdata/roaming/xpacks/@xpack-dev-tools/arm-none-eabi-gcc/8.3.1-1.3.1/.content/bin/../lib/gcc/arm-none-eabi/8.3.1/../../../../arm-none-eabi/lib/thumb/v7e-m+dp/hard\libc_nano.a
END GROUP
START GROUP
LOAD c:/users/mmb_kuba/appdata/roaming/xpacks/@xpack-dev-tools/arm-none-eabi-gcc/8.3.1-1.3.1/.content/bin/../lib/gcc/arm-none-eabi/8.3.1/thumb/v7e-m+dp/hard\libgcc.a
LOAD c:/users/mmb_kuba/appdata/roaming/xpacks/@xpack-dev-tools/arm-none-eabi-gcc/8.3.1-1.3.1/.content/bin/../lib/gcc/arm-none-eabi/8.3.1/../../../../arm-none-eabi/lib/thumb/v7e-m+dp/hard\libc_nano.a
LOAD c:/users/mmb_kuba/appdata/roaming/xpacks/@xpack-dev-tools/arm-none-eabi-gcc/8.3.1-1.3.1/.content/bin/../lib/gcc/arm-none-eabi/8.3.1/../../../../arm-none-eabi/lib/thumb/v7e-m+dp/hard\libnosys.a
END GROUP
START GROUP
LOAD c:/users/mmb_kuba/appdata/roaming/xpacks/@xpack-dev-tools/arm-none-eabi-gcc/8.3.1-1.3.1/.content/bin/../lib/gcc/arm-none-eabi/8.3.1/thumb/v7e-m+dp/hard\libgcc.a
LOAD c:/users/mmb_kuba/appdata/roaming/xpacks/@xpack-dev-tools/arm-none-eabi-gcc/8.3.1-1.3.1/.content/bin/../lib/gcc/arm-none-eabi/8.3.1/../../../../arm-none-eabi/lib/thumb/v7e-m+dp/hard\libc_nano.a
LOAD c:/users/mmb_kuba/appdata/roaming/xpacks/@xpack-dev-tools/arm-none-eabi-gcc/8.3.1-1.3.1/.content/bin/../lib/gcc/arm-none-eabi/8.3.1/../../../../arm-none-eabi/lib/thumb/v7e-m+dp/hard\libnosys.a
END GROUP
LOAD c:/users/mmb_kuba/appdata/roaming/xpacks/@xpack-dev-tools/arm-none-eabi-gcc/8.3.1-1.3.1/.content/bin/../lib/gcc/arm-none-eabi/8.3.1/thumb/v7e-m+dp/hard/crtend.o
LOAD c:/users/mmb_kuba/appdata/roaming/xpacks/@xpack-dev-tools/arm-none-eabi-gcc/8.3.1-1.3.1/.content/bin/../lib/gcc/arm-none-eabi/8.3.1/thumb/v7e-m+dp/hard/crtn.o
                0x0000000024080000                _estack = (ORIGIN (RAM_D1) + LENGTH (RAM_D1))
                0x0000000000000200                _Min_Heap_Size = 0x200
                0x0000000000000400                _Min_Stack_Size = 0x400

.isr_vector     0x0000000008000000      0x298
                0x0000000008000000                . = ALIGN (0x4)
 *(.isr_vector)
 .isr_vector    0x0000000008000000      0x298 CMakeFiles/cmake_Example_H743.dir/Core/Startup/startup_stm32h743iitx.s.obj
                0x0000000008000000                g_pfnVectors
                0x0000000008000298                . = ALIGN (0x4)

.text           0x0000000008000298     0x3c7c
                0x0000000008000298                . = ALIGN (0x4)
 *(.text)
 .text          0x0000000008000298       0x10 c:/users/mmb_kuba/appdata/roaming/xpacks/@xpack-dev-tools/arm-none-eabi-gcc/8.3.1-1.3.1/.content/bin/../lib/gcc/arm-none-eabi/8.3.1/../../../../arm-none-eabi/lib/thumb/v7e-m+dp/hard\libc_nano.a(lib_a-strlen.o)
                0x0000000008000298                strlen
 *(.text*)
 .text.__do_global_dtors_aux
                0x00000000080002a8       0x24 c:/users/mmb_kuba/appdata/roaming/xpacks/@xpack-dev-tools/arm-none-eabi-gcc/8.3.1-1.3.1/.content/bin/../lib/gcc/arm-none-eabi/8.3.1/thumb/v7e-m+dp/hard/crtbegin.o
 .text.frame_dummy
                0x00000000080002cc       0x1c c:/users/mmb_kuba/appdata/roaming/xpacks/@xpack-dev-tools/arm-none-eabi-gcc/8.3.1-1.3.1/.content/bin/../lib/gcc/arm-none-eabi/8.3.1/thumb/v7e-m+dp/hard/crtbegin.o
 .text.__libc_init_array
                0x00000000080002e8       0x48 c:/users/mmb_kuba/appdata/roaming/xpacks/@xpack-dev-tools/arm-none-eabi-gcc/8.3.1-1.3.1/.content/bin/../lib/gcc/arm-none-eabi/8.3.1/../../../../arm-none-eabi/lib/thumb/v7e-m+dp/hard\libc_nano.a(lib_a-init.o)
                0x00000000080002e8                __libc_init_array
 .text.memset   0x0000000008000330       0x10 c:/users/mmb_kuba/appdata/roaming/xpacks/@xpack-dev-tools/arm-none-eabi-gcc/8.3.1-1.3.1/.content/bin/../lib/gcc/arm-none-eabi/8.3.1/../../../../arm-none-eabi/lib/thumb/v7e-m+dp/hard\libc_nano.a(lib_a-memset.o)
                0x0000000008000330                memset
 .text.__cvt    0x0000000008000340       0xa4 c:/users/mmb_kuba/appdata/roaming/xpacks/@xpack-dev-tools/arm-none-eabi-gcc/8.3.1-1.3.1/.content/bin/../lib/gcc/arm-none-eabi/8.3.1/../../../../arm-none-eabi/lib/thumb/v7e-m+dp/hard\libc_nano.a(lib_a-nano-vfprintf_float.o)
                0x0000000008000340                __cvt
 .text.__exponent
                0x00000000080003e4       0x64 c:/users/mmb_kuba/appdata/roaming/xpacks/@xpack-dev-tools/arm-none-eabi-gcc/8.3.1-1.3.1/.content/bin/../lib/gcc/arm-none-eabi/8.3.1/../../../../arm-none-eabi/lib/thumb/v7e-m+dp/hard\libc_nano.a(lib_a-nano-vfprintf_float.o)
                0x00000000080003e4                __exponent
 .text._printf_float
                0x0000000008000448      0x434 c:/users/mmb_kuba/appdata/roaming/xpacks/@xpack-dev-tools/arm-none-eabi-gcc/8.3.1-1.3.1/.content/bin/../lib/gcc/arm-none-eabi/8.3.1/../../../../arm-none-eabi/lib/thumb/v7e-m+dp/hard\libc_nano.a(lib_a-nano-vfprintf_float.o)
                0x0000000008000448                _printf_float
 .text._printf_common
                0x000000000800087c       0xea c:/users/mmb_kuba/appdata/roaming/xpacks/@xpack-dev-tools/arm-none-eabi-gcc/8.3.1-1.3.1/.content/bin/../lib/gcc/arm-none-eabi/8.3.1/../../../../arm-none-eabi/lib/thumb/v7e-m+dp/hard\libc_nano.a(lib_a-nano-vfprintf_i.o)
                0x000000000800087c                _printf_common
 .text.quorem   0x0000000008000966      0x112 c:/users/mmb_kuba/appdata/roaming/xpacks/@xpack-dev-tools/arm-none-eabi-gcc/8.3.1-1.3.1/.content/bin/../lib/gcc/arm-none-eabi/8.3.1/../../../../arm-none-eabi/lib/thumb/v7e-m+dp/hard\libc_nano.a(lib_a-dtoa.o)
 .text._dtoa_r  0x0000000008000a78      0xa70 c:/users/mmb_kuba/appdata/roaming/xpacks/@xpack-dev-tools/arm-none-eabi-gcc/8.3.1-1.3.1/.content/bin/../lib/gcc/arm-none-eabi/8.3.1/../../../../arm-none-eabi/lib/thumb/v7e-m+dp/hard\libc_nano.a(lib_a-dtoa.o)
                0x0000000008000a78                _dtoa_r
 .text._localeconv_r
                0x00000000080014e8        0x8 c:/users/mmb_kuba/appdata/roaming/xpacks/@xpack-dev-tools/arm-none-eabi-gcc/8.3.1-1.3.1/.content/bin/../lib/gcc/arm-none-eabi/8.3.1/../../../../arm-none-eabi/lib/thumb/v7e-m+dp/hard\libc_nano.a(lib_a-localeconv.o)
                0x00000000080014e8                _localeconv_r
 .text.malloc   0x00000000080014f0       0x10 c:/users/mmb_kuba/appdata/roaming/xpacks/@xpack-dev-tools/arm-none-eabi-gcc/8.3.1-1.3.1/.content/bin/../lib/gcc/arm-none-eabi/8.3.1/../../../../arm-none-eabi/lib/thumb/v7e-m+dp/hard\libc_nano.a(lib_a-malloc.o)
                0x00000000080014f0                malloc
 .text.memcpy   0x0000000008001500       0x1c c:/users/mmb_kuba/appdata/roaming/xpacks/@xpack-dev-tools/arm-none-eabi-gcc/8.3.1-1.3.1/.content/bin/../lib/gcc/arm-none-eabi/8.3.1/../../../../arm-none-eabi/lib/thumb/v7e-m+dp/hard\libc_nano.a(lib_a-memcpy-stub.o)
                0x0000000008001500                memcpy
 .text._Balloc  0x000000000800151c       0x68 c:/users/mmb_kuba/appdata/roaming/xpacks/@xpack-dev-tools/arm-none-eabi-gcc/8.3.1-1.3.1/.content/bin/../lib/gcc/arm-none-eabi/8.3.1/../../../../arm-none-eabi/lib/thumb/v7e-m+dp/hard\libc_nano.a(lib_a-mprec.o)
                0x000000000800151c                _Balloc
 .text._Bfree   0x0000000008001584       0x2e c:/users/mmb_kuba/appdata/roaming/xpacks/@xpack-dev-tools/arm-none-eabi-gcc/8.3.1-1.3.1/.content/bin/../lib/gcc/arm-none-eabi/8.3.1/../../../../arm-none-eabi/lib/thumb/v7e-m+dp/hard\libc_nano.a(lib_a-mprec.o)
                0x0000000008001584                _Bfree
 .text.__multadd
                0x00000000080015b2       0x76 c:/users/mmb_kuba/appdata/roaming/xpacks/@xpack-dev-tools/arm-none-eabi-gcc/8.3.1-1.3.1/.content/bin/../lib/gcc/arm-none-eabi/8.3.1/../../../../arm-none-eabi/lib/thumb/v7e-m+dp/hard\libc_nano.a(lib_a-mprec.o)
                0x00000000080015b2                __multadd
 .text.__hi0bits
                0x0000000008001628       0x40 c:/users/mmb_kuba/appdata/roaming/xpacks/@xpack-dev-tools/arm-none-eabi-gcc/8.3.1-1.3.1/.content/bin/../lib/gcc/arm-none-eabi/8.3.1/../../../../arm-none-eabi/lib/thumb/v7e-m+dp/hard\libc_nano.a(lib_a-mprec.o)
                0x0000000008001628                __hi0bits
 .text.__lo0bits
                0x0000000008001668       0x60 c:/users/mmb_kuba/appdata/roaming/xpacks/@xpack-dev-tools/arm-none-eabi-gcc/8.3.1-1.3.1/.content/bin/../lib/gcc/arm-none-eabi/8.3.1/../../../../arm-none-eabi/lib/thumb/v7e-m+dp/hard\libc_nano.a(lib_a-mprec.o)
                0x0000000008001668                __lo0bits
 .text.__i2b    0x00000000080016c8       0x12 c:/users/mmb_kuba/appdata/roaming/xpacks/@xpack-dev-tools/arm-none-eabi-gcc/8.3.1-1.3.1/.content/bin/../lib/gcc/arm-none-eabi/8.3.1/../../../../arm-none-eabi/lib/thumb/v7e-m+dp/hard\libc_nano.a(lib_a-mprec.o)
                0x00000000080016c8                __i2b
 .text.__multiply
                0x00000000080016da      0x120 c:/users/mmb_kuba/appdata/roaming/xpacks/@xpack-dev-tools/arm-none-eabi-gcc/8.3.1-1.3.1/.content/bin/../lib/gcc/arm-none-eabi/8.3.1/../../../../arm-none-eabi/lib/thumb/v7e-m+dp/hard\libc_nano.a(lib_a-mprec.o)
                0x00000000080016da                __multiply
 *fill*         0x00000000080017fa        0x2 
 .text.__pow5mult
                0x00000000080017fc       0x9c c:/users/mmb_kuba/appdata/roaming/xpacks/@xpack-dev-tools/arm-none-eabi-gcc/8.3.1-1.3.1/.content/bin/../lib/gcc/arm-none-eabi/8.3.1/../../../../arm-none-eabi/lib/thumb/v7e-m+dp/hard\libc_nano.a(lib_a-mprec.o)
                0x00000000080017fc                __pow5mult
 .text.__lshift
                0x0000000008001898       0xa6 c:/users/mmb_kuba/appdata/roaming/xpacks/@xpack-dev-tools/arm-none-eabi-gcc/8.3.1-1.3.1/.content/bin/../lib/gcc/arm-none-eabi/8.3.1/../../../../arm-none-eabi/lib/thumb/v7e-m+dp/hard\libc_nano.a(lib_a-mprec.o)
                0x0000000008001898                __lshift
 .text.__mcmp   0x000000000800193e       0x34 c:/users/mmb_kuba/appdata/roaming/xpacks/@xpack-dev-tools/arm-none-eabi-gcc/8.3.1-1.3.1/.content/bin/../lib/gcc/arm-none-eabi/8.3.1/../../../../arm-none-eabi/lib/thumb/v7e-m+dp/hard\libc_nano.a(lib_a-mprec.o)
                0x000000000800193e                __mcmp
 .text.__mdiff  0x0000000008001972       0xba c:/users/mmb_kuba/appdata/roaming/xpacks/@xpack-dev-tools/arm-none-eabi-gcc/8.3.1-1.3.1/.content/bin/../lib/gcc/arm-none-eabi/8.3.1/../../../../arm-none-eabi/lib/thumb/v7e-m+dp/hard\libc_nano.a(lib_a-mprec.o)
                0x0000000008001972                __mdiff
 .text.__d2b    0x0000000008001a2c       0x9c c:/users/mmb_kuba/appdata/roaming/xpacks/@xpack-dev-tools/arm-none-eabi-gcc/8.3.1-1.3.1/.content/bin/../lib/gcc/arm-none-eabi/8.3.1/../../../../arm-none-eabi/lib/thumb/v7e-m+dp/hard\libc_nano.a(lib_a-mprec.o)
                0x0000000008001a2c                __d2b
 .text._calloc_r
                0x0000000008001ac8       0x1c c:/users/mmb_kuba/appdata/roaming/xpacks/@xpack-dev-tools/arm-none-eabi-gcc/8.3.1-1.3.1/.content/bin/../lib/gcc/arm-none-eabi/8.3.1/../../../../arm-none-eabi/lib/thumb/v7e-m+dp/hard\libc_nano.a(lib_a-nano-callocr.o)
                0x0000000008001ac8                _calloc_r
 .text._malloc_r
                0x0000000008001ae4       0xb4 c:/users/mmb_kuba/appdata/roaming/xpacks/@xpack-dev-tools/arm-none-eabi-gcc/8.3.1-1.3.1/.content/bin/../lib/gcc/arm-none-eabi/8.3.1/../../../../arm-none-eabi/lib/thumb/v7e-m+dp/hard\libc_nano.a(lib_a-nano-mallocr.o)
                0x0000000008001ae4                _malloc_r
 .text._sbrk_r  0x0000000008001b98       0x20 c:/users/mmb_kuba/appdata/roaming/xpacks/@xpack-dev-tools/arm-none-eabi-gcc/8.3.1-1.3.1/.content/bin/../lib/gcc/arm-none-eabi/8.3.1/../../../../arm-none-eabi/lib/thumb/v7e-m+dp/hard\libc_nano.a(lib_a-sbrkr.o)
                0x0000000008001b98                _sbrk_r
 .text.__ascii_mbtowc
                0x0000000008001bb8       0x24 c:/users/mmb_kuba/appdata/roaming/xpacks/@xpack-dev-tools/arm-none-eabi-gcc/8.3.1-1.3.1/.content/bin/../lib/gcc/arm-none-eabi/8.3.1/../../../../arm-none-eabi/lib/thumb/v7e-m+dp/hard\libc_nano.a(lib_a-mbtowc_r.o)
                0x0000000008001bb8                __ascii_mbtowc
 .text.__malloc_lock
                0x0000000008001bdc        0xc c:/users/mmb_kuba/appdata/roaming/xpacks/@xpack-dev-tools/arm-none-eabi-gcc/8.3.1-1.3.1/.content/bin/../lib/gcc/arm-none-eabi/8.3.1/../../../../arm-none-eabi/lib/thumb/v7e-m+dp/hard\libc_nano.a(lib_a-mlock.o)
                0x0000000008001bdc                __malloc_lock
 .text.__malloc_unlock
                0x0000000008001be8        0xc c:/users/mmb_kuba/appdata/roaming/xpacks/@xpack-dev-tools/arm-none-eabi-gcc/8.3.1-1.3.1/.content/bin/../lib/gcc/arm-none-eabi/8.3.1/../../../../arm-none-eabi/lib/thumb/v7e-m+dp/hard\libc_nano.a(lib_a-mlock.o)
                0x0000000008001be8                __malloc_unlock
 .text.__ascii_wctomb
                0x0000000008001bf4       0x1a c:/users/mmb_kuba/appdata/roaming/xpacks/@xpack-dev-tools/arm-none-eabi-gcc/8.3.1-1.3.1/.content/bin/../lib/gcc/arm-none-eabi/8.3.1/../../../../arm-none-eabi/lib/thumb/v7e-m+dp/hard\libc_nano.a(lib_a-wctomb_r.o)
                0x0000000008001bf4                __ascii_wctomb
 .text.__retarget_lock_acquire_recursive
                0x0000000008001c0e        0x2 c:/users/mmb_kuba/appdata/roaming/xpacks/@xpack-dev-tools/arm-none-eabi-gcc/8.3.1-1.3.1/.content/bin/../lib/gcc/arm-none-eabi/8.3.1/../../../../arm-none-eabi/lib/thumb/v7e-m+dp/hard\libc_nano.a(lib_a-lock.o)
                0x0000000008001c0e                __retarget_lock_acquire_recursive
 .text.__retarget_lock_release_recursive
                0x0000000008001c10        0x2 c:/users/mmb_kuba/appdata/roaming/xpacks/@xpack-dev-tools/arm-none-eabi-gcc/8.3.1-1.3.1/.content/bin/../lib/gcc/arm-none-eabi/8.3.1/../../../../arm-none-eabi/lib/thumb/v7e-m+dp/hard\libc_nano.a(lib_a-lock.o)
                0x0000000008001c10                __retarget_lock_release_recursive
 .text.Error_Handler
                0x0000000008001c12        0x4 CMakeFiles/cmake_Example_H743.dir/Core/Src/main.c.obj
                0x0000000008001c12                Error_Handler
 *fill*         0x0000000008001c16        0x2 
 .text.SystemClock_Config
                0x0000000008001c18       0xc0 CMakeFiles/cmake_Example_H743.dir/Core/Src/main.c.obj
                0x0000000008001c18                SystemClock_Config
 .text.main     0x0000000008001cd8       0x44 CMakeFiles/cmake_Example_H743.dir/Core/Src/main.c.obj
                0x0000000008001cd8                main
 .text.MX_GPIO_Init
                0x0000000008001d1c       0xa8 CMakeFiles/cmake_Example_H743.dir/Core/Src/gpio.c.obj
                0x0000000008001d1c                MX_GPIO_Init
 .text.MX_SPI2_Init
                0x0000000008001dc4       0x5c CMakeFiles/cmake_Example_H743.dir/Core/Src/spi.c.obj
                0x0000000008001dc4                MX_SPI2_Init
 .text.HAL_SPI_MspInit
                0x0000000008001e20       0x98 CMakeFiles/cmake_Example_H743.dir/Core/Src/spi.c.obj
                0x0000000008001e20                HAL_SPI_MspInit
 .text.NMI_Handler
                0x0000000008001eb8        0x2 CMakeFiles/cmake_Example_H743.dir/Core/Src/stm32h7xx_it.c.obj
                0x0000000008001eb8                NMI_Handler
 .text.HardFault_Handler
                0x0000000008001eba        0x2 CMakeFiles/cmake_Example_H743.dir/Core/Src/stm32h7xx_it.c.obj
                0x0000000008001eba                HardFault_Handler
 .text.MemManage_Handler
                0x0000000008001ebc        0x2 CMakeFiles/cmake_Example_H743.dir/Core/Src/stm32h7xx_it.c.obj
                0x0000000008001ebc                MemManage_Handler
 .text.BusFault_Handler
                0x0000000008001ebe        0x2 CMakeFiles/cmake_Example_H743.dir/Core/Src/stm32h7xx_it.c.obj
                0x0000000008001ebe                BusFault_Handler
 .text.UsageFault_Handler
                0x0000000008001ec0        0x2 CMakeFiles/cmake_Example_H743.dir/Core/Src/stm32h7xx_it.c.obj
                0x0000000008001ec0                UsageFault_Handler
 .text.SVC_Handler
                0x0000000008001ec2        0x2 CMakeFiles/cmake_Example_H743.dir/Core/Src/stm32h7xx_it.c.obj
                0x0000000008001ec2                SVC_Handler
 .text.DebugMon_Handler
                0x0000000008001ec4        0x2 CMakeFiles/cmake_Example_H743.dir/Core/Src/stm32h7xx_it.c.obj
                0x0000000008001ec4                DebugMon_Handler
 .text.PendSV_Handler
                0x0000000008001ec6        0x2 CMakeFiles/cmake_Example_H743.dir/Core/Src/stm32h7xx_it.c.obj
                0x0000000008001ec6                PendSV_Handler
 .text.SysTick_Handler
                0x0000000008001ec8        0x8 CMakeFiles/cmake_Example_H743.dir/Core/Src/stm32h7xx_it.c.obj
                0x0000000008001ec8                SysTick_Handler
 .text._sbrk    0x0000000008001ed0       0x48 CMakeFiles/cmake_Example_H743.dir/Core/Src/sysmem.c.obj
                0x0000000008001ed0                _sbrk
 .text.SystemInit
                0x0000000008001f18       0xcc CMakeFiles/cmake_Example_H743.dir/Core/Src/system_stm32h7xx.c.obj
                0x0000000008001f18                SystemInit
 .text.Reset_Handler
                0x0000000008001fe4       0x50 CMakeFiles/cmake_Example_H743.dir/Core/Startup/startup_stm32h743iitx.s.obj
                0x0000000008001fe4                Reset_Handler
 .text.Default_Handler
                0x0000000008002034        0x2 CMakeFiles/cmake_Example_H743.dir/Core/Startup/startup_stm32h743iitx.s.obj
                0x0000000008002034                RTC_Alarm_IRQHandler
                0x0000000008002034                EXTI2_IRQHandler
                0x0000000008002034                TIM8_CC_IRQHandler
                0x0000000008002034                HRTIM1_Master_IRQHandler
                0x0000000008002034                UART8_IRQHandler
                0x0000000008002034                SPI4_IRQHandler
                0x0000000008002034                TIM1_CC_IRQHandler
                0x0000000008002034                BDMA_Channel6_IRQHandler
                0x0000000008002034                DMA2_Stream5_IRQHandler
                0x0000000008002034                HRTIM1_FLT_IRQHandler
                0x0000000008002034                JPEG_IRQHandler
                0x0000000008002034                DMA1_Stream5_IRQHandler
                0x0000000008002034                BDMA_Channel1_IRQHandler
                0x0000000008002034                HRTIM1_TIMD_IRQHandler
                0x0000000008002034                TAMP_STAMP_IRQHandler
                0x0000000008002034                EXTI3_IRQHandler
                0x0000000008002034                LPTIM4_IRQHandler
                0x0000000008002034                TIM8_TRG_COM_TIM14_IRQHandler
                0x0000000008002034                LPTIM2_IRQHandler
                0x0000000008002034                DFSDM1_FLT1_IRQHandler
                0x0000000008002034                DMAMUX2_OVR_IRQHandler
                0x0000000008002034                TIM8_UP_TIM13_IRQHandler
                0x0000000008002034                I2C3_ER_IRQHandler
                0x0000000008002034                DFSDM1_FLT2_IRQHandler
                0x0000000008002034                MDMA_IRQHandler
                0x0000000008002034                LPTIM3_IRQHandler
                0x0000000008002034                HSEM1_IRQHandler
                0x0000000008002034                EXTI0_IRQHandler
                0x0000000008002034                I2C2_EV_IRQHandler
                0x0000000008002034                DMA1_Stream2_IRQHandler
                0x0000000008002034                FPU_IRQHandler
                0x0000000008002034                OTG_HS_WKUP_IRQHandler
                0x0000000008002034                FDCAN1_IT1_IRQHandler
                0x0000000008002034                LTDC_ER_IRQHandler
                0x0000000008002034                DMA2_Stream2_IRQHandler
                0x0000000008002034                HRTIM1_TIME_IRQHandler
                0x0000000008002034                SPI1_IRQHandler
                0x0000000008002034                TIM6_DAC_IRQHandler
                0x0000000008002034                DCMI_IRQHandler
                0x0000000008002034                HRTIM1_TIMC_IRQHandler
                0x0000000008002034                DMA2_Stream3_IRQHandler
                0x0000000008002034                SAI2_IRQHandler
                0x0000000008002034                DFSDM1_FLT3_IRQHandler
                0x0000000008002034                USART6_IRQHandler
                0x0000000008002034                TIM17_IRQHandler
                0x0000000008002034                USART3_IRQHandler
                0x0000000008002034                BDMA_Channel7_IRQHandler
                0x0000000008002034                LPTIM5_IRQHandler
                0x0000000008002034                UART5_IRQHandler
                0x0000000008002034                ADC3_IRQHandler
                0x0000000008002034                DMA2_Stream0_IRQHandler
                0x0000000008002034                TIM4_IRQHandler
                0x0000000008002034                BDMA_Channel2_IRQHandler
                0x0000000008002034                QUADSPI_IRQHandler
                0x0000000008002034                I2C1_EV_IRQHandler
                0x0000000008002034                DMA1_Stream6_IRQHandler
                0x0000000008002034                DMAMUX1_OVR_IRQHandler
                0x0000000008002034                DMA1_Stream1_IRQHandler
                0x0000000008002034                TIM16_IRQHandler
                0x0000000008002034                UART4_IRQHandler
                0x0000000008002034                BDMA_Channel5_IRQHandler
                0x0000000008002034                TIM3_IRQHandler
                0x0000000008002034                RCC_IRQHandler
                0x0000000008002034                TIM8_BRK_TIM12_IRQHandler
                0x0000000008002034                TIM1_TRG_COM_IRQHandler
                0x0000000008002034                Default_Handler
                0x0000000008002034                ECC_IRQHandler
                0x0000000008002034                CEC_IRQHandler
                0x0000000008002034                EXTI15_10_IRQHandler
                0x0000000008002034                BDMA_Channel0_IRQHandler
                0x0000000008002034                ADC_IRQHandler
                0x0000000008002034                DMA1_Stream7_IRQHandler
                0x0000000008002034                HRTIM1_TIMA_IRQHandler
                0x0000000008002034                SPI5_IRQHandler
                0x0000000008002034                TIM7_IRQHandler
                0x0000000008002034                SDMMC1_IRQHandler
                0x0000000008002034                TIM5_IRQHandler
                0x0000000008002034                DMA2_Stream7_IRQHandler
                0x0000000008002034                TIM15_IRQHandler
                0x0000000008002034                PVD_AVD_IRQHandler
                0x0000000008002034                I2C3_EV_IRQHandler
                0x0000000008002034                EXTI9_5_IRQHandler
                0x0000000008002034                RTC_WKUP_IRQHandler
                0x0000000008002034                LTDC_IRQHandler
                0x0000000008002034                SAI3_IRQHandler
                0x0000000008002034                ETH_WKUP_IRQHandler
                0x0000000008002034                SPDIF_RX_IRQHandler
                0x0000000008002034                SPI2_IRQHandler
                0x0000000008002034                OTG_HS_EP1_IN_IRQHandler
                0x0000000008002034                DMA1_Stream0_IRQHandler
                0x0000000008002034                CRS_IRQHandler
                0x0000000008002034                EXTI4_IRQHandler
                0x0000000008002034                RNG_IRQHandler
                0x0000000008002034                HRTIM1_TIMB_IRQHandler
                0x0000000008002034                FDCAN2_IT1_IRQHandler
                0x0000000008002034                ETH_IRQHandler
                0x0000000008002034                TIM1_UP_IRQHandler
                0x0000000008002034                BDMA_Channel4_IRQHandler
                0x0000000008002034                OTG_HS_EP1_OUT_IRQHandler
                0x0000000008002034                WWDG_IRQHandler
                0x0000000008002034                SPI6_IRQHandler
                0x0000000008002034                MDIOS_IRQHandler
                0x0000000008002034                I2C4_EV_IRQHandler
                0x0000000008002034                FDCAN2_IT0_IRQHandler
                0x0000000008002034                LPUART1_IRQHandler
                0x0000000008002034                FDCAN1_IT0_IRQHandler
                0x0000000008002034                TIM2_IRQHandler
                0x0000000008002034                OTG_FS_WKUP_IRQHandler
                0x0000000008002034                OTG_HS_IRQHandler
                0x0000000008002034                DMA2D_IRQHandler
                0x0000000008002034                TIM1_BRK_IRQHandler
                0x0000000008002034                EXTI1_IRQHandler
                0x0000000008002034                SDMMC2_IRQHandler
                0x0000000008002034                OTG_FS_EP1_OUT_IRQHandler
                0x0000000008002034                BDMA_Channel3_IRQHandler
                0x0000000008002034                UART7_IRQHandler
                0x0000000008002034                MDIOS_WKUP_IRQHandler
                0x0000000008002034                USART2_IRQHandler
                0x0000000008002034                DFSDM1_FLT0_IRQHandler
                0x0000000008002034                SAI4_IRQHandler
                0x0000000008002034                I2C2_ER_IRQHandler
                0x0000000008002034                DMA2_Stream1_IRQHandler
                0x0000000008002034                FLASH_IRQHandler
                0x0000000008002034                DMA2_Stream4_IRQHandler
                0x0000000008002034                USART1_IRQHandler
                0x0000000008002034                OTG_FS_IRQHandler
                0x0000000008002034                SPI3_IRQHandler
                0x0000000008002034                WAKEUP_PIN_IRQHandler
                0x0000000008002034                DMA1_Stream4_IRQHandler
                0x0000000008002034                OTG_FS_EP1_IN_IRQHandler
                0x0000000008002034                I2C1_ER_IRQHandler
                0x0000000008002034                FMC_IRQHandler
                0x0000000008002034                FDCAN_CAL_IRQHandler
                0x0000000008002034                SWPMI1_IRQHandler
                0x0000000008002034                COMP1_IRQHandler
                0x0000000008002034                LPTIM1_IRQHandler
                0x0000000008002034                I2C4_ER_IRQHandler
                0x0000000008002034                DMA2_Stream6_IRQHandler
                0x0000000008002034                SAI1_IRQHandler
                0x0000000008002034                DMA1_Stream3_IRQHandler
 .text.HAL_MspInit
                0x0000000008002036        0x2 CMakeFiles/cmake_Example_H743.dir/Drivers/STM32H7xx_HAL_Driver/Src/stm32h7xx_hal.c.obj
                0x0000000008002036                HAL_MspInit
 .text.HAL_InitTick
                0x0000000008002038       0x50 CMakeFiles/cmake_Example_H743.dir/Drivers/STM32H7xx_HAL_Driver/Src/stm32h7xx_hal.c.obj
                0x0000000008002038                HAL_InitTick
 .text.HAL_Init
                0x0000000008002088       0x5c CMakeFiles/cmake_Example_H743.dir/Drivers/STM32H7xx_HAL_Driver/Src/stm32h7xx_hal.c.obj
                0x0000000008002088                HAL_Init
 .text.HAL_IncTick
                0x00000000080020e4       0x18 CMakeFiles/cmake_Example_H743.dir/Drivers/STM32H7xx_HAL_Driver/Src/stm32h7xx_hal.c.obj
                0x00000000080020e4                HAL_IncTick
 .text.HAL_GetTick
                0x00000000080020fc        0xc CMakeFiles/cmake_Example_H743.dir/Drivers/STM32H7xx_HAL_Driver/Src/stm32h7xx_hal.c.obj
                0x00000000080020fc                HAL_GetTick
 .text.HAL_Delay
                0x0000000008002108       0x28 CMakeFiles/cmake_Example_H743.dir/Drivers/STM32H7xx_HAL_Driver/Src/stm32h7xx_hal.c.obj
                0x0000000008002108                HAL_Delay
 .text.HAL_GetREVID
                0x0000000008002130        0xc CMakeFiles/cmake_Example_H743.dir/Drivers/STM32H7xx_HAL_Driver/Src/stm32h7xx_hal.c.obj
                0x0000000008002130                HAL_GetREVID
 .text.HAL_NVIC_SetPriorityGrouping
                0x000000000800213c       0x24 CMakeFiles/cmake_Example_H743.dir/Drivers/STM32H7xx_HAL_Driver/Src/stm32h7xx_hal_cortex.c.obj
                0x000000000800213c                HAL_NVIC_SetPriorityGrouping
 .text.HAL_NVIC_SetPriority
                0x0000000008002160       0x64 CMakeFiles/cmake_Example_H743.dir/Drivers/STM32H7xx_HAL_Driver/Src/stm32h7xx_hal_cortex.c.obj
                0x0000000008002160                HAL_NVIC_SetPriority
 .text.HAL_SYSTICK_Config
                0x00000000080021c4       0x2c CMakeFiles/cmake_Example_H743.dir/Drivers/STM32H7xx_HAL_Driver/Src/stm32h7xx_hal_cortex.c.obj
                0x00000000080021c4                HAL_SYSTICK_Config
 .text.HAL_GPIO_Init
                0x00000000080021f0      0x1ec CMakeFiles/cmake_Example_H743.dir/Drivers/STM32H7xx_HAL_Driver/Src/stm32h7xx_hal_gpio.c.obj
                0x00000000080021f0                HAL_GPIO_Init
 .text.HAL_GPIO_WritePin
                0x00000000080023dc        0xc CMakeFiles/cmake_Example_H743.dir/Drivers/STM32H7xx_HAL_Driver/Src/stm32h7xx_hal_gpio.c.obj
                0x00000000080023dc                HAL_GPIO_WritePin
 .text.HAL_GPIO_TogglePin
                0x00000000080023e8       0x12 CMakeFiles/cmake_Example_H743.dir/Drivers/STM32H7xx_HAL_Driver/Src/stm32h7xx_hal_gpio.c.obj
                0x00000000080023e8                HAL_GPIO_TogglePin
 *fill*         0x00000000080023fa        0x2 
 .text.HAL_PWREx_ConfigSupply
                0x00000000080023fc       0x54 CMakeFiles/cmake_Example_H743.dir/Drivers/STM32H7xx_HAL_Driver/Src/stm32h7xx_hal_pwr_ex.c.obj
                0x00000000080023fc                HAL_PWREx_ConfigSupply
 .text.HAL_RCC_OscConfig
                0x0000000008002450      0x6b4 CMakeFiles/cmake_Example_H743.dir/Drivers/STM32H7xx_HAL_Driver/Src/stm32h7xx_hal_rcc.c.obj
                0x0000000008002450                HAL_RCC_OscConfig
 .text.HAL_RCC_GetSysClockFreq
                0x0000000008002b04      0x1ec CMakeFiles/cmake_Example_H743.dir/Drivers/STM32H7xx_HAL_Driver/Src/stm32h7xx_hal_rcc.c.obj
                0x0000000008002b04                HAL_RCC_GetSysClockFreq
 .text.HAL_RCC_ClockConfig
                0x0000000008002cf0      0x294 CMakeFiles/cmake_Example_H743.dir/Drivers/STM32H7xx_HAL_Driver/Src/stm32h7xx_hal_rcc.c.obj
                0x0000000008002cf0                HAL_RCC_ClockConfig
 .text.RCCEx_PLL2_Config
                0x0000000008002f84      0x10c CMakeFiles/cmake_Example_H743.dir/Drivers/STM32H7xx_HAL_Driver/Src/stm32h7xx_hal_rcc_ex.c.obj
 .text.RCCEx_PLL3_Config
                0x0000000008003090      0x10c CMakeFiles/cmake_Example_H743.dir/Drivers/STM32H7xx_HAL_Driver/Src/stm32h7xx_hal_rcc_ex.c.obj
 .text.HAL_RCCEx_PeriphCLKConfig
                0x000000000800319c      0xb14 CMakeFiles/cmake_Example_H743.dir/Drivers/STM32H7xx_HAL_Driver/Src/stm32h7xx_hal_rcc_ex.c.obj
                0x000000000800319c                HAL_RCCEx_PeriphCLKConfig
 .text.SPI_GetPacketSize
                0x0000000008003cb0       0x10 CMakeFiles/cmake_Example_H743.dir/Drivers/STM32H7xx_HAL_Driver/Src/stm32h7xx_hal_spi.c.obj
 .text.HAL_SPI_Init
                0x0000000008003cc0      0x190 CMakeFiles/cmake_Example_H743.dir/Drivers/STM32H7xx_HAL_Driver/Src/stm32h7xx_hal_spi.c.obj
                0x0000000008003cc0                HAL_SPI_Init
 .text.MX_FATFS_Init
                0x0000000008003e50       0x1c CMakeFiles/cmake_Example_H743.dir/FATFS/App/fatfs.c.obj
                0x0000000008003e50                MX_FATFS_Init
 .text.USER_initialize
                0x0000000008003e6c       0x10 CMakeFiles/cmake_Example_H743.dir/FATFS/Target/user_diskio.c.obj
                0x0000000008003e6c                USER_initialize
 .text.USER_status
                0x0000000008003e7c       0x10 CMakeFiles/cmake_Example_H743.dir/FATFS/Target/user_diskio.c.obj
                0x0000000008003e7c                USER_status
 .text.USER_read
                0x0000000008003e8c        0x4 CMakeFiles/cmake_Example_H743.dir/FATFS/Target/user_diskio.c.obj
                0x0000000008003e8c                USER_read
 .text.USER_write
                0x0000000008003e90        0x4 CMakeFiles/cmake_Example_H743.dir/FATFS/Target/user_diskio.c.obj
                0x0000000008003e90                USER_write
 .text.USER_ioctl
                0x0000000008003e94        0x4 CMakeFiles/cmake_Example_H743.dir/FATFS/Target/user_diskio.c.obj
                0x0000000008003e94                USER_ioctl
 .text.FATFS_LinkDriverEx
                0x0000000008003e98       0x4c CMakeFiles/cmake_Example_H743.dir/Middlewares/Third_Party/FatFs/src/ff_gen_drv.c.obj
                0x0000000008003e98                FATFS_LinkDriverEx
 .text.FATFS_LinkDriver
                0x0000000008003ee4        0xa CMakeFiles/cmake_Example_H743.dir/Middlewares/Third_Party/FatFs/src/ff_gen_drv.c.obj
                0x0000000008003ee4                FATFS_LinkDriver
 *fill*         0x0000000008003eee        0x2 
 .text.__errno  0x0000000008003ef0        0xc c:/users/mmb_kuba/appdata/roaming/xpacks/@xpack-dev-tools/arm-none-eabi-gcc/8.3.1-1.3.1/.content/bin/../lib/gcc/arm-none-eabi/8.3.1/../../../../arm-none-eabi/lib/thumb/v7e-m+dp/hard\libc_nano.a(lib_a-errno.o)
                0x0000000008003ef0                __errno
 *(.glue_7)
 .glue_7        0x0000000008003efc        0x0 linker stubs
 *(.glue_7t)
 .glue_7t       0x0000000008003efc        0x0 linker stubs
 *(.eh_frame)
 .eh_frame      0x0000000008003efc        0x0 c:/users/mmb_kuba/appdata/roaming/xpacks/@xpack-dev-tools/arm-none-eabi-gcc/8.3.1-1.3.1/.content/bin/../lib/gcc/arm-none-eabi/8.3.1/thumb/v7e-m+dp/hard/crtbegin.o
 *(.init)
 .init          0x0000000008003efc        0x4 c:/users/mmb_kuba/appdata/roaming/xpacks/@xpack-dev-tools/arm-none-eabi-gcc/8.3.1-1.3.1/.content/bin/../lib/gcc/arm-none-eabi/8.3.1/thumb/v7e-m+dp/hard/crti.o
                0x0000000008003efc                _init
 .init          0x0000000008003f00        0x8 c:/users/mmb_kuba/appdata/roaming/xpacks/@xpack-dev-tools/arm-none-eabi-gcc/8.3.1-1.3.1/.content/bin/../lib/gcc/arm-none-eabi/8.3.1/thumb/v7e-m+dp/hard/crtn.o
 *(.fini)
 .fini          0x0000000008003f08        0x4 c:/users/mmb_kuba/appdata/roaming/xpacks/@xpack-dev-tools/arm-none-eabi-gcc/8.3.1-1.3.1/.content/bin/../lib/gcc/arm-none-eabi/8.3.1/thumb/v7e-m+dp/hard/crti.o
                0x0000000008003f08                _fini
 .fini          0x0000000008003f0c        0x8 c:/users/mmb_kuba/appdata/roaming/xpacks/@xpack-dev-tools/arm-none-eabi-gcc/8.3.1-1.3.1/.content/bin/../lib/gcc/arm-none-eabi/8.3.1/thumb/v7e-m+dp/hard/crtn.o
                0x0000000008003f14                . = ALIGN (0x4)
                0x0000000008003f14                _etext = .

.vfp11_veneer   0x0000000008003f14        0x0
 .vfp11_veneer  0x0000000008003f14        0x0 linker stubs

.v4_bx          0x0000000008003f14        0x0
 .v4_bx         0x0000000008003f14        0x0 linker stubs

.iplt           0x0000000008003f14        0x0
 .iplt          0x0000000008003f14        0x0 c:/users/mmb_kuba/appdata/roaming/xpacks/@xpack-dev-tools/arm-none-eabi-gcc/8.3.1-1.3.1/.content/bin/../lib/gcc/arm-none-eabi/8.3.1/thumb/v7e-m+dp/hard/crtbegin.o

.rodata         0x0000000008003f18      0x238
                0x0000000008003f18                . = ALIGN (0x4)
 *(.rodata)
 *(.rodata*)
 .rodata._printf_float.str1.1
                0x0000000008003f18       0x12 c:/users/mmb_kuba/appdata/roaming/xpacks/@xpack-dev-tools/arm-none-eabi-gcc/8.3.1-1.3.1/.content/bin/../lib/gcc/arm-none-eabi/8.3.1/../../../../arm-none-eabi/lib/thumb/v7e-m+dp/hard\libc_nano.a(lib_a-nano-vfprintf_float.o)
 .rodata._dtoa_r.str1.1
                0x0000000008003f2a        0xd c:/users/mmb_kuba/appdata/roaming/xpacks/@xpack-dev-tools/arm-none-eabi-gcc/8.3.1-1.3.1/.content/bin/../lib/gcc/arm-none-eabi/8.3.1/../../../../arm-none-eabi/lib/thumb/v7e-m+dp/hard\libc_nano.a(lib_a-dtoa.o)
                                          0xf (size before relaxing)
 *fill*         0x0000000008003f37        0x1 
 .rodata.__mprec_bigtens
                0x0000000008003f38       0x28 c:/users/mmb_kuba/appdata/roaming/xpacks/@xpack-dev-tools/arm-none-eabi-gcc/8.3.1-1.3.1/.content/bin/../lib/gcc/arm-none-eabi/8.3.1/../../../../arm-none-eabi/lib/thumb/v7e-m+dp/hard\libc_nano.a(lib_a-mprec.o)
                0x0000000008003f38                __mprec_bigtens
 .rodata.__mprec_tens
                0x0000000008003f60       0xc8 c:/users/mmb_kuba/appdata/roaming/xpacks/@xpack-dev-tools/arm-none-eabi-gcc/8.3.1-1.3.1/.content/bin/../lib/gcc/arm-none-eabi/8.3.1/../../../../arm-none-eabi/lib/thumb/v7e-m+dp/hard\libc_nano.a(lib_a-mprec.o)
                0x0000000008003f60                __mprec_tens
 .rodata.p05.7444
                0x0000000008004028        0xc c:/users/mmb_kuba/appdata/roaming/xpacks/@xpack-dev-tools/arm-none-eabi-gcc/8.3.1-1.3.1/.content/bin/../lib/gcc/arm-none-eabi/8.3.1/../../../../arm-none-eabi/lib/thumb/v7e-m+dp/hard\libc_nano.a(lib_a-mprec.o)
 .rodata._setlocale_r.str1.1
                0x0000000008004034        0x8 c:/users/mmb_kuba/appdata/roaming/xpacks/@xpack-dev-tools/arm-none-eabi-gcc/8.3.1-1.3.1/.content/bin/../lib/gcc/arm-none-eabi/8.3.1/../../../../arm-none-eabi/lib/thumb/v7e-m+dp/hard\libc_nano.a(lib_a-locale.o)
                                          0x9 (size before relaxing)
 .rodata.str1.1
                0x000000000800403c        0x2 c:/users/mmb_kuba/appdata/roaming/xpacks/@xpack-dev-tools/arm-none-eabi-gcc/8.3.1-1.3.1/.content/bin/../lib/gcc/arm-none-eabi/8.3.1/../../../../arm-none-eabi/lib/thumb/v7e-m+dp/hard\libc_nano.a(lib_a-locale.o)
 .rodata._ctype_
                0x000000000800403e      0x101 c:/users/mmb_kuba/appdata/roaming/xpacks/@xpack-dev-tools/arm-none-eabi-gcc/8.3.1-1.3.1/.content/bin/../lib/gcc/arm-none-eabi/8.3.1/../../../../arm-none-eabi/lib/thumb/v7e-m+dp/hard\libc_nano.a(lib_a-ctype_.o)
                0x000000000800403e                _ctype_
 *fill*         0x000000000800413f        0x1 
 .rodata.D1CorePrescTable
                0x0000000008004140       0x10 CMakeFiles/cmake_Example_H743.dir/Core/Src/system_stm32h7xx.c.obj
                0x0000000008004140                D1CorePrescTable
                0x0000000008004150                . = ALIGN (0x4)

.rel.dyn        0x0000000008004150        0x0
 .rel.iplt      0x0000000008004150        0x0 c:/users/mmb_kuba/appdata/roaming/xpacks/@xpack-dev-tools/arm-none-eabi-gcc/8.3.1-1.3.1/.content/bin/../lib/gcc/arm-none-eabi/8.3.1/thumb/v7e-m+dp/hard/crtbegin.o

.ARM.extab
 *(.ARM.extab* .gnu.linkonce.armextab.*)

.ARM            0x0000000008004150        0x0
                0x0000000008004150                __exidx_start = .
 *(.ARM.exidx*)
                0x0000000008004150                __exidx_end = .

.preinit_array  0x0000000008004150        0x0
                0x0000000008004150                PROVIDE (__preinit_array_start = .)
 *(.preinit_array*)
                0x0000000008004150                PROVIDE (__preinit_array_end = .)

.init_array     0x0000000008004150        0x4
                0x0000000008004150                PROVIDE (__init_array_start = .)
 *(SORT_BY_NAME(.init_array.*))
 *(.init_array*)
 .init_array    0x0000000008004150        0x4 c:/users/mmb_kuba/appdata/roaming/xpacks/@xpack-dev-tools/arm-none-eabi-gcc/8.3.1-1.3.1/.content/bin/../lib/gcc/arm-none-eabi/8.3.1/thumb/v7e-m+dp/hard/crtbegin.o
                0x0000000008004154                PROVIDE (__init_array_end = .)

.fini_array     0x0000000008004154        0x4
                [!provide]                        PROVIDE (__fini_array_start = .)
 *(SORT_BY_NAME(.fini_array.*))
 *(.fini_array*)
 .fini_array    0x0000000008004154        0x4 c:/users/mmb_kuba/appdata/roaming/xpacks/@xpack-dev-tools/arm-none-eabi-gcc/8.3.1-1.3.1/.content/bin/../lib/gcc/arm-none-eabi/8.3.1/thumb/v7e-m+dp/hard/crtbegin.o
                [!provide]                        PROVIDE (__fini_array_end = .)
                0x0000000008004158                _sidata = LOADADDR (.data)

.data           0x0000000024000000      0x1f8 load address 0x0000000008004158
                0x0000000024000000                . = ALIGN (0x4)
                0x0000000024000000                _sdata = .
 *(.data)
 *(.data*)
 .data._impure_ptr
                0x0000000024000000        0x4 c:/users/mmb_kuba/appdata/roaming/xpacks/@xpack-dev-tools/arm-none-eabi-gcc/8.3.1-1.3.1/.content/bin/../lib/gcc/arm-none-eabi/8.3.1/../../../../arm-none-eabi/lib/thumb/v7e-m+dp/hard\libc_nano.a(lib_a-impure.o)
                0x0000000024000000                _impure_ptr
 .data.impure_data
                0x0000000024000004       0x60 c:/users/mmb_kuba/appdata/roaming/xpacks/@xpack-dev-tools/arm-none-eabi-gcc/8.3.1-1.3.1/.content/bin/../lib/gcc/arm-none-eabi/8.3.1/../../../../arm-none-eabi/lib/thumb/v7e-m+dp/hard\libc_nano.a(lib_a-impure.o)
 .data.__global_locale
                0x0000000024000064      0x16c c:/users/mmb_kuba/appdata/roaming/xpacks/@xpack-dev-tools/arm-none-eabi-gcc/8.3.1-1.3.1/.content/bin/../lib/gcc/arm-none-eabi/8.3.1/../../../../arm-none-eabi/lib/thumb/v7e-m+dp/hard\libc_nano.a(lib_a-locale.o)
                0x0000000024000064                __global_locale
 .data.SystemCoreClock
                0x00000000240001d0        0x4 CMakeFiles/cmake_Example_H743.dir/Core/Src/system_stm32h7xx.c.obj
                0x00000000240001d0                SystemCoreClock
 .data.SystemD2Clock
                0x00000000240001d4        0x4 CMakeFiles/cmake_Example_H743.dir/Core/Src/system_stm32h7xx.c.obj
                0x00000000240001d4                SystemD2Clock
 .data.uwTickFreq
                0x00000000240001d8        0x1 CMakeFiles/cmake_Example_H743.dir/Drivers/STM32H7xx_HAL_Driver/Src/stm32h7xx_hal.c.obj
                0x00000000240001d8                uwTickFreq
 *fill*         0x00000000240001d9        0x3 
 .data.uwTickPrio
                0x00000000240001dc        0x4 CMakeFiles/cmake_Example_H743.dir/Drivers/STM32H7xx_HAL_Driver/Src/stm32h7xx_hal.c.obj
                0x00000000240001dc                uwTickPrio
 .data.Stat     0x00000000240001e0        0x1 CMakeFiles/cmake_Example_H743.dir/FATFS/Target/user_diskio.c.obj
 *fill*         0x00000000240001e1        0x3 
 .data.USER_Driver
                0x00000000240001e4       0x14 CMakeFiles/cmake_Example_H743.dir/FATFS/Target/user_diskio.c.obj
                0x00000000240001e4                USER_Driver
 *(.RamFunc)
 *(.RamFunc*)
                0x00000000240001f8                . = ALIGN (0x4)
                0x00000000240001f8                _edata = .

.igot.plt       0x00000000240001f8        0x0 load address 0x0000000008004350
 .igot.plt      0x00000000240001f8        0x0 c:/users/mmb_kuba/appdata/roaming/xpacks/@xpack-dev-tools/arm-none-eabi-gcc/8.3.1-1.3.1/.content/bin/../lib/gcc/arm-none-eabi/8.3.1/thumb/v7e-m+dp/hard/crtbegin.o
                0x00000000240001f8                . = ALIGN (0x4)

.bss            0x00000000240001f8      0x538 load address 0x0000000008004350
                0x00000000240001f8                _sbss = .
                0x00000000240001f8                __bss_start__ = _sbss
 *(.bss)
 *(.bss*)
 .bss.completed.10192
                0x00000000240001f8        0x1 c:/users/mmb_kuba/appdata/roaming/xpacks/@xpack-dev-tools/arm-none-eabi-gcc/8.3.1-1.3.1/.content/bin/../lib/gcc/arm-none-eabi/8.3.1/thumb/v7e-m+dp/hard/crtbegin.o
 *fill*         0x00000000240001f9        0x3 
 .bss.object.10197
                0x00000000240001fc       0x18 c:/users/mmb_kuba/appdata/roaming/xpacks/@xpack-dev-tools/arm-none-eabi-gcc/8.3.1-1.3.1/.content/bin/../lib/gcc/arm-none-eabi/8.3.1/thumb/v7e-m+dp/hard/crtbegin.o
 .bss.__malloc_free_list
                0x0000000024000214        0x4 c:/users/mmb_kuba/appdata/roaming/xpacks/@xpack-dev-tools/arm-none-eabi-gcc/8.3.1-1.3.1/.content/bin/../lib/gcc/arm-none-eabi/8.3.1/../../../../arm-none-eabi/lib/thumb/v7e-m+dp/hard\libc_nano.a(lib_a-nano-mallocr.o)
                0x0000000024000214                __malloc_free_list
 .bss.__malloc_sbrk_start
                0x0000000024000218        0x4 c:/users/mmb_kuba/appdata/roaming/xpacks/@xpack-dev-tools/arm-none-eabi-gcc/8.3.1-1.3.1/.content/bin/../lib/gcc/arm-none-eabi/8.3.1/../../../../arm-none-eabi/lib/thumb/v7e-m+dp/hard\libc_nano.a(lib_a-nano-mallocr.o)
                0x0000000024000218                __malloc_sbrk_start
 .bss.__sbrk_heap_end
                0x000000002400021c        0x4 CMakeFiles/cmake_Example_H743.dir/Core/Src/sysmem.c.obj
 .bss.disk      0x0000000024000220        0xc CMakeFiles/cmake_Example_H743.dir/Middlewares/Third_Party/FatFs/src/ff_gen_drv.c.obj
                0x0000000024000220                disk
 *(COMMON)
 COMMON         0x000000002400022c        0x4 c:/users/mmb_kuba/appdata/roaming/xpacks/@xpack-dev-tools/arm-none-eabi-gcc/8.3.1-1.3.1/.content/bin/../lib/gcc/arm-none-eabi/8.3.1/../../../../arm-none-eabi/lib/thumb/v7e-m+dp/hard\libc_nano.a(lib_a-reent.o)
                0x000000002400022c                errno
 COMMON         0x0000000024000230        0x9 c:/users/mmb_kuba/appdata/roaming/xpacks/@xpack-dev-tools/arm-none-eabi-gcc/8.3.1-1.3.1/.content/bin/../lib/gcc/arm-none-eabi/8.3.1/../../../../arm-none-eabi/lib/thumb/v7e-m+dp/hard\libc_nano.a(lib_a-lock.o)
                0x0000000024000230                __lock___atexit_recursive_mutex
                0x0000000024000231                __lock___arc4random_mutex
                0x0000000024000232                __lock___env_recursive_mutex
                0x0000000024000233                __lock___sinit_recursive_mutex
                0x0000000024000234                __lock___malloc_recursive_mutex
                0x0000000024000235                __lock___at_quick_exit_mutex
                0x0000000024000236                __lock___dd_hash_mutex
                0x0000000024000237                __lock___tz_mutex
                0x0000000024000238                __lock___sfp_recursive_mutex
 *fill*         0x0000000024000239        0x3 
 COMMON         0x000000002400023c       0x88 CMakeFiles/cmake_Example_H743.dir/Core/Src/spi.c.obj
                0x000000002400023c                hspi2
 COMMON         0x00000000240002c4        0x4 CMakeFiles/cmake_Example_H743.dir/Drivers/STM32H7xx_HAL_Driver/Src/stm32h7xx_hal.c.obj
                0x00000000240002c4                uwTick
 COMMON         0x00000000240002c8      0x468 CMakeFiles/cmake_Example_H743.dir/FATFS/App/fatfs.c.obj
                0x00000000240002c8                USERPath
                0x00000000240002cc                retUSER
                0x00000000240002d0                USERFile
                0x0000000024000500                USERFatFS
                0x0000000024000730                . = ALIGN (0x4)
                0x0000000024000730                _ebss = .
                0x0000000024000730                __bss_end__ = _ebss

._user_heap_stack
                0x0000000024000730      0x600 load address 0x0000000008004350
                0x0000000024000730                . = ALIGN (0x8)
                [!provide]                        PROVIDE (end = .)
                0x0000000024000730                PROVIDE (_end = .)
                0x0000000024000930                . = (. + _Min_Heap_Size)
 *fill*         0x0000000024000730      0x200 
                0x0000000024000d30                . = (. + _Min_Stack_Size)
 *fill*         0x0000000024000930      0x400 
                0x0000000024000d30                . = ALIGN (0x8)

/DISCARD/
 libc.a(*)
 libm.a(*)
 libgcc.a(*)

.ARM.attributes
                0x0000000000000000       0x2e
 *(.ARM.attributes)
 .ARM.attributes
                0x0000000000000000       0x1e c:/users/mmb_kuba/appdata/roaming/xpacks/@xpack-dev-tools/arm-none-eabi-gcc/8.3.1-1.3.1/.content/bin/../lib/gcc/arm-none-eabi/8.3.1/thumb/v7e-m+dp/hard/crti.o
 .ARM.attributes
                0x000000000000001e       0x32 c:/users/mmb_kuba/appdata/roaming/xpacks/@xpack-dev-tools/arm-none-eabi-gcc/8.3.1-1.3.1/.content/bin/../lib/gcc/arm-none-eabi/8.3.1/thumb/v7e-m+dp/hard/crtbegin.o
 .ARM.attributes
                0x0000000000000050       0x30 c:/users/mmb_kuba/appdata/roaming/xpacks/@xpack-dev-tools/arm-none-eabi-gcc/8.3.1-1.3.1/.content/bin/../lib/gcc/arm-none-eabi/8.3.1/../../../../arm-none-eabi/lib/thumb/v7e-m+dp/hard\libc_nano.a(lib_a-impure.o)
 .ARM.attributes
                0x0000000000000080       0x32 c:/users/mmb_kuba/appdata/roaming/xpacks/@xpack-dev-tools/arm-none-eabi-gcc/8.3.1-1.3.1/.content/bin/../lib/gcc/arm-none-eabi/8.3.1/../../../../arm-none-eabi/lib/thumb/v7e-m+dp/hard\libc_nano.a(lib_a-init.o)
 .ARM.attributes
                0x00000000000000b2       0x32 c:/users/mmb_kuba/appdata/roaming/xpacks/@xpack-dev-tools/arm-none-eabi-gcc/8.3.1-1.3.1/.content/bin/../lib/gcc/arm-none-eabi/8.3.1/../../../../arm-none-eabi/lib/thumb/v7e-m+dp/hard\libc_nano.a(lib_a-memset.o)
 .ARM.attributes
                0x00000000000000e4       0x32 c:/users/mmb_kuba/appdata/roaming/xpacks/@xpack-dev-tools/arm-none-eabi-gcc/8.3.1-1.3.1/.content/bin/../lib/gcc/arm-none-eabi/8.3.1/../../../../arm-none-eabi/lib/thumb/v7e-m+dp/hard\libc_nano.a(lib_a-nano-vfprintf_float.o)
 .ARM.attributes
                0x0000000000000116       0x32 c:/users/mmb_kuba/appdata/roaming/xpacks/@xpack-dev-tools/arm-none-eabi-gcc/8.3.1-1.3.1/.content/bin/../lib/gcc/arm-none-eabi/8.3.1/../../../../arm-none-eabi/lib/thumb/v7e-m+dp/hard\libc_nano.a(lib_a-nano-vfprintf_i.o)
 .ARM.attributes
                0x0000000000000148       0x17 c:/users/mmb_kuba/appdata/roaming/xpacks/@xpack-dev-tools/arm-none-eabi-gcc/8.3.1-1.3.1/.content/bin/../lib/gcc/arm-none-eabi/8.3.1/../../../../arm-none-eabi/lib/thumb/v7e-m+dp/hard\libc_nano.a(lib_a-strlen.o)
 .ARM.attributes
                0x000000000000015f       0x32 c:/users/mmb_kuba/appdata/roaming/xpacks/@xpack-dev-tools/arm-none-eabi-gcc/8.3.1-1.3.1/.content/bin/../lib/gcc/arm-none-eabi/8.3.1/../../../../arm-none-eabi/lib/thumb/v7e-m+dp/hard\libc_nano.a(lib_a-dtoa.o)
 .ARM.attributes
                0x0000000000000191       0x32 c:/users/mmb_kuba/appdata/roaming/xpacks/@xpack-dev-tools/arm-none-eabi-gcc/8.3.1-1.3.1/.content/bin/../lib/gcc/arm-none-eabi/8.3.1/../../../../arm-none-eabi/lib/thumb/v7e-m+dp/hard\libc_nano.a(lib_a-localeconv.o)
 .ARM.attributes
                0x00000000000001c3       0x32 c:/users/mmb_kuba/appdata/roaming/xpacks/@xpack-dev-tools/arm-none-eabi-gcc/8.3.1-1.3.1/.content/bin/../lib/gcc/arm-none-eabi/8.3.1/../../../../arm-none-eabi/lib/thumb/v7e-m+dp/hard\libc_nano.a(lib_a-malloc.o)
 .ARM.attributes
                0x00000000000001f5       0x32 c:/users/mmb_kuba/appdata/roaming/xpacks/@xpack-dev-tools/arm-none-eabi-gcc/8.3.1-1.3.1/.content/bin/../lib/gcc/arm-none-eabi/8.3.1/../../../../arm-none-eabi/lib/thumb/v7e-m+dp/hard\libc_nano.a(lib_a-memcpy-stub.o)
 .ARM.attributes
                0x0000000000000227       0x32 c:/users/mmb_kuba/appdata/roaming/xpacks/@xpack-dev-tools/arm-none-eabi-gcc/8.3.1-1.3.1/.content/bin/../lib/gcc/arm-none-eabi/8.3.1/../../../../arm-none-eabi/lib/thumb/v7e-m+dp/hard\libc_nano.a(lib_a-mprec.o)
 .ARM.attributes
                0x0000000000000259       0x32 c:/users/mmb_kuba/appdata/roaming/xpacks/@xpack-dev-tools/arm-none-eabi-gcc/8.3.1-1.3.1/.content/bin/../lib/gcc/arm-none-eabi/8.3.1/../../../../arm-none-eabi/lib/thumb/v7e-m+dp/hard\libc_nano.a(lib_a-nano-callocr.o)
 .ARM.attributes
                0x000000000000028b       0x32 c:/users/mmb_kuba/appdata/roaming/xpacks/@xpack-dev-tools/arm-none-eabi-gcc/8.3.1-1.3.1/.content/bin/../lib/gcc/arm-none-eabi/8.3.1/../../../../arm-none-eabi/lib/thumb/v7e-m+dp/hard\libc_nano.a(lib_a-nano-mallocr.o)
 .ARM.attributes
                0x00000000000002bd       0x32 c:/users/mmb_kuba/appdata/roaming/xpacks/@xpack-dev-tools/arm-none-eabi-gcc/8.3.1-1.3.1/.content/bin/../lib/gcc/arm-none-eabi/8.3.1/../../../../arm-none-eabi/lib/thumb/v7e-m+dp/hard\libc_nano.a(lib_a-sbrkr.o)
 .ARM.attributes
                0x00000000000002ef       0x32 c:/users/mmb_kuba/appdata/roaming/xpacks/@xpack-dev-tools/arm-none-eabi-gcc/8.3.1-1.3.1/.content/bin/../lib/gcc/arm-none-eabi/8.3.1/../../../../arm-none-eabi/lib/thumb/v7e-m+dp/hard\libc_nano.a(lib_a-locale.o)
 .ARM.attributes
                0x0000000000000321       0x32 c:/users/mmb_kuba/appdata/roaming/xpacks/@xpack-dev-tools/arm-none-eabi-gcc/8.3.1-1.3.1/.content/bin/../lib/gcc/arm-none-eabi/8.3.1/../../../../arm-none-eabi/lib/thumb/v7e-m+dp/hard\libc_nano.a(lib_a-mbtowc_r.o)
 .ARM.attributes
                0x0000000000000353       0x32 c:/users/mmb_kuba/appdata/roaming/xpacks/@xpack-dev-tools/arm-none-eabi-gcc/8.3.1-1.3.1/.content/bin/../lib/gcc/arm-none-eabi/8.3.1/../../../../arm-none-eabi/lib/thumb/v7e-m+dp/hard\libc_nano.a(lib_a-mlock.o)
 .ARM.attributes
                0x0000000000000385       0x32 c:/users/mmb_kuba/appdata/roaming/xpacks/@xpack-dev-tools/arm-none-eabi-gcc/8.3.1-1.3.1/.content/bin/../lib/gcc/arm-none-eabi/8.3.1/../../../../arm-none-eabi/lib/thumb/v7e-m+dp/hard\libc_nano.a(lib_a-reent.o)
 .ARM.attributes
                0x00000000000003b7       0x32 c:/users/mmb_kuba/appdata/roaming/xpacks/@xpack-dev-tools/arm-none-eabi-gcc/8.3.1-1.3.1/.content/bin/../lib/gcc/arm-none-eabi/8.3.1/../../../../arm-none-eabi/lib/thumb/v7e-m+dp/hard\libc_nano.a(lib_a-wctomb_r.o)
 .ARM.attributes
                0x00000000000003e9       0x30 c:/users/mmb_kuba/appdata/roaming/xpacks/@xpack-dev-tools/arm-none-eabi-gcc/8.3.1-1.3.1/.content/bin/../lib/gcc/arm-none-eabi/8.3.1/../../../../arm-none-eabi/lib/thumb/v7e-m+dp/hard\libc_nano.a(lib_a-ctype_.o)
 .ARM.attributes
                0x0000000000000419       0x32 c:/users/mmb_kuba/appdata/roaming/xpacks/@xpack-dev-tools/arm-none-eabi-gcc/8.3.1-1.3.1/.content/bin/../lib/gcc/arm-none-eabi/8.3.1/../../../../arm-none-eabi/lib/thumb/v7e-m+dp/hard\libc_nano.a(lib_a-lock.o)
 .ARM.attributes
                0x000000000000044b       0x32 CMakeFiles/cmake_Example_H743.dir/Core/Src/main.c.obj
 .ARM.attributes
                0x000000000000047d       0x32 CMakeFiles/cmake_Example_H743.dir/Core/Src/gpio.c.obj
 .ARM.attributes
                0x00000000000004af       0x32 CMakeFiles/cmake_Example_H743.dir/Core/Src/spi.c.obj
 .ARM.attributes
                0x00000000000004e1       0x32 CMakeFiles/cmake_Example_H743.dir/Core/Src/stm32h7xx_it.c.obj
 .ARM.attributes
                0x0000000000000513       0x32 CMakeFiles/cmake_Example_H743.dir/Core/Src/sysmem.c.obj
 .ARM.attributes
                0x0000000000000545       0x32 CMakeFiles/cmake_Example_H743.dir/Core/Src/system_stm32h7xx.c.obj
 .ARM.attributes
                0x0000000000000577       0x21 CMakeFiles/cmake_Example_H743.dir/Core/Startup/startup_stm32h743iitx.s.obj
 .ARM.attributes
                0x0000000000000598       0x32 CMakeFiles/cmake_Example_H743.dir/Drivers/STM32H7xx_HAL_Driver/Src/stm32h7xx_hal.c.obj
 .ARM.attributes
                0x00000000000005ca       0x32 CMakeFiles/cmake_Example_H743.dir/Drivers/STM32H7xx_HAL_Driver/Src/stm32h7xx_hal_cortex.c.obj
 .ARM.attributes
                0x00000000000005fc       0x32 CMakeFiles/cmake_Example_H743.dir/Drivers/STM32H7xx_HAL_Driver/Src/stm32h7xx_hal_gpio.c.obj
 .ARM.attributes
                0x000000000000062e       0x32 CMakeFiles/cmake_Example_H743.dir/Drivers/STM32H7xx_HAL_Driver/Src/stm32h7xx_hal_pwr_ex.c.obj
 .ARM.attributes
                0x0000000000000660       0x32 CMakeFiles/cmake_Example_H743.dir/Drivers/STM32H7xx_HAL_Driver/Src/stm32h7xx_hal_rcc.c.obj
 .ARM.attributes
                0x0000000000000692       0x32 CMakeFiles/cmake_Example_H743.dir/Drivers/STM32H7xx_HAL_Driver/Src/stm32h7xx_hal_rcc_ex.c.obj
 .ARM.attributes
                0x00000000000006c4       0x32 CMakeFiles/cmake_Example_H743.dir/Drivers/STM32H7xx_HAL_Driver/Src/stm32h7xx_hal_spi.c.obj
 .ARM.attributes
                0x00000000000006f6       0x32 CMakeFiles/cmake_Example_H743.dir/FATFS/App/fatfs.c.obj
 .ARM.attributes
                0x0000000000000728       0x32 CMakeFiles/cmake_Example_H743.dir/FATFS/Target/user_diskio.c.obj
 .ARM.attributes
                0x000000000000075a       0x32 CMakeFiles/cmake_Example_H743.dir/Middlewares/Third_Party/FatFs/src/ff_gen_drv.c.obj
 .ARM.attributes
                0x000000000000078c       0x32 c:/users/mmb_kuba/appdata/roaming/xpacks/@xpack-dev-tools/arm-none-eabi-gcc/8.3.1-1.3.1/.content/bin/../lib/gcc/arm-none-eabi/8.3.1/../../../../arm-none-eabi/lib/thumb/v7e-m+dp/hard\libc_nano.a(lib_a-errno.o)
 .ARM.attributes
                0x00000000000007be       0x1e c:/users/mmb_kuba/appdata/roaming/xpacks/@xpack-dev-tools/arm-none-eabi-gcc/8.3.1-1.3.1/.content/bin/../lib/gcc/arm-none-eabi/8.3.1/thumb/v7e-m+dp/hard/crtn.o
OUTPUT(cmake_Example_H743.elf elf32-littlearm)

.debug_frame    0x0000000000000000     0x1bb0
 .debug_frame   0x0000000000000000       0x2c c:/users/mmb_kuba/appdata/roaming/xpacks/@xpack-dev-tools/arm-none-eabi-gcc/8.3.1-1.3.1/.content/bin/../lib/gcc/arm-none-eabi/8.3.1/../../../../arm-none-eabi/lib/thumb/v7e-m+dp/hard\libc_nano.a(lib_a-init.o)
 .debug_frame   0x000000000000002c       0x20 c:/users/mmb_kuba/appdata/roaming/xpacks/@xpack-dev-tools/arm-none-eabi-gcc/8.3.1-1.3.1/.content/bin/../lib/gcc/arm-none-eabi/8.3.1/../../../../arm-none-eabi/lib/thumb/v7e-m+dp/hard\libc_nano.a(lib_a-memset.o)
 .debug_frame   0x000000000000004c       0x9c c:/users/mmb_kuba/appdata/roaming/xpacks/@xpack-dev-tools/arm-none-eabi-gcc/8.3.1-1.3.1/.content/bin/../lib/gcc/arm-none-eabi/8.3.1/../../../../arm-none-eabi/lib/thumb/v7e-m+dp/hard\libc_nano.a(lib_a-nano-vfprintf_float.o)
 .debug_frame   0x00000000000000e8       0x60 c:/users/mmb_kuba/appdata/roaming/xpacks/@xpack-dev-tools/arm-none-eabi-gcc/8.3.1-1.3.1/.content/bin/../lib/gcc/arm-none-eabi/8.3.1/../../../../arm-none-eabi/lib/thumb/v7e-m+dp/hard\libc_nano.a(lib_a-nano-vfprintf_i.o)
 .debug_frame   0x0000000000000148       0x6c c:/users/mmb_kuba/appdata/roaming/xpacks/@xpack-dev-tools/arm-none-eabi-gcc/8.3.1-1.3.1/.content/bin/../lib/gcc/arm-none-eabi/8.3.1/../../../../arm-none-eabi/lib/thumb/v7e-m+dp/hard\libc_nano.a(lib_a-dtoa.o)
 .debug_frame   0x00000000000001b4       0x40 c:/users/mmb_kuba/appdata/roaming/xpacks/@xpack-dev-tools/arm-none-eabi-gcc/8.3.1-1.3.1/.content/bin/../lib/gcc/arm-none-eabi/8.3.1/../../../../arm-none-eabi/lib/thumb/v7e-m+dp/hard\libc_nano.a(lib_a-localeconv.o)
 .debug_frame   0x00000000000001f4       0x30 c:/users/mmb_kuba/appdata/roaming/xpacks/@xpack-dev-tools/arm-none-eabi-gcc/8.3.1-1.3.1/.content/bin/../lib/gcc/arm-none-eabi/8.3.1/../../../../arm-none-eabi/lib/thumb/v7e-m+dp/hard\libc_nano.a(lib_a-malloc.o)
 .debug_frame   0x0000000000000224       0x28 c:/users/mmb_kuba/appdata/roaming/xpacks/@xpack-dev-tools/arm-none-eabi-gcc/8.3.1-1.3.1/.content/bin/../lib/gcc/arm-none-eabi/8.3.1/../../../../arm-none-eabi/lib/thumb/v7e-m+dp/hard\libc_nano.a(lib_a-memcpy-stub.o)
 .debug_frame   0x000000000000024c      0x238 c:/users/mmb_kuba/appdata/roaming/xpacks/@xpack-dev-tools/arm-none-eabi-gcc/8.3.1-1.3.1/.content/bin/../lib/gcc/arm-none-eabi/8.3.1/../../../../arm-none-eabi/lib/thumb/v7e-m+dp/hard\libc_nano.a(lib_a-mprec.o)
 .debug_frame   0x0000000000000484       0x2c c:/users/mmb_kuba/appdata/roaming/xpacks/@xpack-dev-tools/arm-none-eabi-gcc/8.3.1-1.3.1/.content/bin/../lib/gcc/arm-none-eabi/8.3.1/../../../../arm-none-eabi/lib/thumb/v7e-m+dp/hard\libc_nano.a(lib_a-nano-callocr.o)
 .debug_frame   0x00000000000004b0       0x30 c:/users/mmb_kuba/appdata/roaming/xpacks/@xpack-dev-tools/arm-none-eabi-gcc/8.3.1-1.3.1/.content/bin/../lib/gcc/arm-none-eabi/8.3.1/../../../../arm-none-eabi/lib/thumb/v7e-m+dp/hard\libc_nano.a(lib_a-nano-mallocr.o)
 .debug_frame   0x00000000000004e0       0x2c c:/users/mmb_kuba/appdata/roaming/xpacks/@xpack-dev-tools/arm-none-eabi-gcc/8.3.1-1.3.1/.content/bin/../lib/gcc/arm-none-eabi/8.3.1/../../../../arm-none-eabi/lib/thumb/v7e-m+dp/hard\libc_nano.a(lib_a-sbrkr.o)
 .debug_frame   0x000000000000050c       0x48 c:/users/mmb_kuba/appdata/roaming/xpacks/@xpack-dev-tools/arm-none-eabi-gcc/8.3.1-1.3.1/.content/bin/../lib/gcc/arm-none-eabi/8.3.1/../../../../arm-none-eabi/lib/thumb/v7e-m+dp/hard\libc_nano.a(lib_a-locale.o)
 .debug_frame   0x0000000000000554       0x48 c:/users/mmb_kuba/appdata/roaming/xpacks/@xpack-dev-tools/arm-none-eabi-gcc/8.3.1-1.3.1/.content/bin/../lib/gcc/arm-none-eabi/8.3.1/../../../../arm-none-eabi/lib/thumb/v7e-m+dp/hard\libc_nano.a(lib_a-mbtowc_r.o)
 .debug_frame   0x000000000000059c       0x30 c:/users/mmb_kuba/appdata/roaming/xpacks/@xpack-dev-tools/arm-none-eabi-gcc/8.3.1-1.3.1/.content/bin/../lib/gcc/arm-none-eabi/8.3.1/../../../../arm-none-eabi/lib/thumb/v7e-m+dp/hard\libc_nano.a(lib_a-mlock.o)
 .debug_frame   0x00000000000005cc       0x5c c:/users/mmb_kuba/appdata/roaming/xpacks/@xpack-dev-tools/arm-none-eabi-gcc/8.3.1-1.3.1/.content/bin/../lib/gcc/arm-none-eabi/8.3.1/../../../../arm-none-eabi/lib/thumb/v7e-m+dp/hard\libc_nano.a(lib_a-reent.o)
 .debug_frame   0x0000000000000628       0x3c c:/users/mmb_kuba/appdata/roaming/xpacks/@xpack-dev-tools/arm-none-eabi-gcc/8.3.1-1.3.1/.content/bin/../lib/gcc/arm-none-eabi/8.3.1/../../../../arm-none-eabi/lib/thumb/v7e-m+dp/hard\libc_nano.a(lib_a-wctomb_r.o)
 .debug_frame   0x0000000000000664       0xb0 c:/users/mmb_kuba/appdata/roaming/xpacks/@xpack-dev-tools/arm-none-eabi-gcc/8.3.1-1.3.1/.content/bin/../lib/gcc/arm-none-eabi/8.3.1/../../../../arm-none-eabi/lib/thumb/v7e-m+dp/hard\libc_nano.a(lib_a-lock.o)
 .debug_frame   0x0000000000000714       0x58 CMakeFiles/cmake_Example_H743.dir/Core/Src/main.c.obj
 .debug_frame   0x000000000000076c       0x34 CMakeFiles/cmake_Example_H743.dir/Core/Src/gpio.c.obj
 .debug_frame   0x00000000000007a0       0x64 CMakeFiles/cmake_Example_H743.dir/Core/Src/spi.c.obj
 .debug_frame   0x0000000000000804       0xa8 CMakeFiles/cmake_Example_H743.dir/Core/Src/stm32h7xx_it.c.obj
 .debug_frame   0x00000000000008ac       0x28 CMakeFiles/cmake_Example_H743.dir/Core/Src/sysmem.c.obj
 .debug_frame   0x00000000000008d4       0x30 CMakeFiles/cmake_Example_H743.dir/Core/Src/system_stm32h7xx.c.obj
 .debug_frame   0x0000000000000904      0x388 CMakeFiles/cmake_Example_H743.dir/Drivers/STM32H7xx_HAL_Driver/Src/stm32h7xx_hal.c.obj
 .debug_frame   0x0000000000000c8c      0x16c CMakeFiles/cmake_Example_H743.dir/Drivers/STM32H7xx_HAL_Driver/Src/stm32h7xx_hal_cortex.c.obj
 .debug_frame   0x0000000000000df8       0xd8 CMakeFiles/cmake_Example_H743.dir/Drivers/STM32H7xx_HAL_Driver/Src/stm32h7xx_hal_gpio.c.obj
 .debug_frame   0x0000000000000ed0      0x2f4 CMakeFiles/cmake_Example_H743.dir/Drivers/STM32H7xx_HAL_Driver/Src/stm32h7xx_hal_pwr_ex.c.obj
 .debug_frame   0x00000000000011c4      0x178 CMakeFiles/cmake_Example_H743.dir/Drivers/STM32H7xx_HAL_Driver/Src/stm32h7xx_hal_rcc.c.obj
 .debug_frame   0x000000000000133c      0x284 CMakeFiles/cmake_Example_H743.dir/Drivers/STM32H7xx_HAL_Driver/Src/stm32h7xx_hal_rcc_ex.c.obj
 .debug_frame   0x00000000000015c0      0x4b8 CMakeFiles/cmake_Example_H743.dir/Drivers/STM32H7xx_HAL_Driver/Src/stm32h7xx_hal_spi.c.obj
 .debug_frame   0x0000000000001a78       0x38 CMakeFiles/cmake_Example_H743.dir/FATFS/App/fatfs.c.obj
 .debug_frame   0x0000000000001ab0       0x60 CMakeFiles/cmake_Example_H743.dir/FATFS/Target/user_diskio.c.obj
 .debug_frame   0x0000000000001b10       0x80 CMakeFiles/cmake_Example_H743.dir/Middlewares/Third_Party/FatFs/src/ff_gen_drv.c.obj
 .debug_frame   0x0000000000001b90       0x20 c:/users/mmb_kuba/appdata/roaming/xpacks/@xpack-dev-tools/arm-none-eabi-gcc/8.3.1-1.3.1/.content/bin/../lib/gcc/arm-none-eabi/8.3.1/../../../../arm-none-eabi/lib/thumb/v7e-m+dp/hard\libc_nano.a(lib_a-errno.o)

.debug_info     0x0000000000000000    0x1801f
 .debug_info    0x0000000000000000     0x1d83 CMakeFiles/cmake_Example_H743.dir/Core/Src/main.c.obj
 .debug_info    0x0000000000001d83     0x1149 CMakeFiles/cmake_Example_H743.dir/Core/Src/gpio.c.obj
 .debug_info    0x0000000000002ecc     0x1b9c CMakeFiles/cmake_Example_H743.dir/Core/Src/spi.c.obj
 .debug_info    0x0000000000004a68      0xbfd CMakeFiles/cmake_Example_H743.dir/Core/Src/stm32h7xx_it.c.obj
 .debug_info    0x0000000000005665      0xa3e CMakeFiles/cmake_Example_H743.dir/Core/Src/sysmem.c.obj
 .debug_info    0x00000000000060a3     0x1775 CMakeFiles/cmake_Example_H743.dir/Core/Src/system_stm32h7xx.c.obj
 .debug_info    0x0000000000007818       0x22 CMakeFiles/cmake_Example_H743.dir/Core/Startup/startup_stm32h743iitx.s.obj
 .debug_info    0x000000000000783a     0x20af CMakeFiles/cmake_Example_H743.dir/Drivers/STM32H7xx_HAL_Driver/Src/stm32h7xx_hal.c.obj
 .debug_info    0x00000000000098e9     0x1e67 CMakeFiles/cmake_Example_H743.dir/Drivers/STM32H7xx_HAL_Driver/Src/stm32h7xx_hal_cortex.c.obj
 .debug_info    0x000000000000b750     0x1801 CMakeFiles/cmake_Example_H743.dir/Drivers/STM32H7xx_HAL_Driver/Src/stm32h7xx_hal_gpio.c.obj
 .debug_info    0x000000000000cf51     0x1cf1 CMakeFiles/cmake_Example_H743.dir/Drivers/STM32H7xx_HAL_Driver/Src/stm32h7xx_hal_pwr_ex.c.obj
 .debug_info    0x000000000000ec42     0x1c68 CMakeFiles/cmake_Example_H743.dir/Drivers/STM32H7xx_HAL_Driver/Src/stm32h7xx_hal_rcc.c.obj
 .debug_info    0x00000000000108aa     0x2521 CMakeFiles/cmake_Example_H743.dir/Drivers/STM32H7xx_HAL_Driver/Src/stm32h7xx_hal_rcc_ex.c.obj
 .debug_info    0x0000000000012dcb     0x25c8 CMakeFiles/cmake_Example_H743.dir/Drivers/STM32H7xx_HAL_Driver/Src/stm32h7xx_hal_spi.c.obj
 .debug_info    0x0000000000015393      0xfa6 CMakeFiles/cmake_Example_H743.dir/FATFS/App/fatfs.c.obj
 .debug_info    0x0000000000016339      0xe26 CMakeFiles/cmake_Example_H743.dir/FATFS/Target/user_diskio.c.obj
 .debug_info    0x000000000001715f      0xec0 CMakeFiles/cmake_Example_H743.dir/Middlewares/Third_Party/FatFs/src/ff_gen_drv.c.obj

.debug_abbrev   0x0000000000000000     0x2df3
 .debug_abbrev  0x0000000000000000      0x305 CMakeFiles/cmake_Example_H743.dir/Core/Src/main.c.obj
 .debug_abbrev  0x0000000000000305      0x26c CMakeFiles/cmake_Example_H743.dir/Core/Src/gpio.c.obj
 .debug_abbrev  0x0000000000000571      0x2ab CMakeFiles/cmake_Example_H743.dir/Core/Src/spi.c.obj
 .debug_abbrev  0x000000000000081c      0x20f CMakeFiles/cmake_Example_H743.dir/Core/Src/stm32h7xx_it.c.obj
 .debug_abbrev  0x0000000000000a2b      0x203 CMakeFiles/cmake_Example_H743.dir/Core/Src/sysmem.c.obj
 .debug_abbrev  0x0000000000000c2e      0x268 CMakeFiles/cmake_Example_H743.dir/Core/Src/system_stm32h7xx.c.obj
 .debug_abbrev  0x0000000000000e96       0x12 CMakeFiles/cmake_Example_H743.dir/Core/Startup/startup_stm32h743iitx.s.obj
 .debug_abbrev  0x0000000000000ea8      0x341 CMakeFiles/cmake_Example_H743.dir/Drivers/STM32H7xx_HAL_Driver/Src/stm32h7xx_hal.c.obj
 .debug_abbrev  0x00000000000011e9      0x46b CMakeFiles/cmake_Example_H743.dir/Drivers/STM32H7xx_HAL_Driver/Src/stm32h7xx_hal_cortex.c.obj
 .debug_abbrev  0x0000000000001654      0x31b CMakeFiles/cmake_Example_H743.dir/Drivers/STM32H7xx_HAL_Driver/Src/stm32h7xx_hal_gpio.c.obj
 .debug_abbrev  0x000000000000196f      0x390 CMakeFiles/cmake_Example_H743.dir/Drivers/STM32H7xx_HAL_Driver/Src/stm32h7xx_hal_pwr_ex.c.obj
 .debug_abbrev  0x0000000000001cff      0x334 CMakeFiles/cmake_Example_H743.dir/Drivers/STM32H7xx_HAL_Driver/Src/stm32h7xx_hal_rcc.c.obj
 .debug_abbrev  0x0000000000002033      0x351 CMakeFiles/cmake_Example_H743.dir/Drivers/STM32H7xx_HAL_Driver/Src/stm32h7xx_hal_rcc_ex.c.obj
 .debug_abbrev  0x0000000000002384      0x320 CMakeFiles/cmake_Example_H743.dir/Drivers/STM32H7xx_HAL_Driver/Src/stm32h7xx_hal_spi.c.obj
 .debug_abbrev  0x00000000000026a4      0x253 CMakeFiles/cmake_Example_H743.dir/FATFS/App/fatfs.c.obj
 .debug_abbrev  0x00000000000028f7      0x260 CMakeFiles/cmake_Example_H743.dir/FATFS/Target/user_diskio.c.obj
 .debug_abbrev  0x0000000000002b57      0x29c CMakeFiles/cmake_Example_H743.dir/Middlewares/Third_Party/FatFs/src/ff_gen_drv.c.obj

.debug_aranges  0x0000000000000000      0x918
 .debug_aranges
                0x0000000000000000       0x30 CMakeFiles/cmake_Example_H743.dir/Core/Src/main.c.obj
 .debug_aranges
                0x0000000000000030       0x20 CMakeFiles/cmake_Example_H743.dir/Core/Src/gpio.c.obj
 .debug_aranges
                0x0000000000000050       0x30 CMakeFiles/cmake_Example_H743.dir/Core/Src/spi.c.obj
 .debug_aranges
                0x0000000000000080       0x60 CMakeFiles/cmake_Example_H743.dir/Core/Src/stm32h7xx_it.c.obj
 .debug_aranges
                0x00000000000000e0       0x20 CMakeFiles/cmake_Example_H743.dir/Core/Src/sysmem.c.obj
 .debug_aranges
                0x0000000000000100       0x28 CMakeFiles/cmake_Example_H743.dir/Core/Src/system_stm32h7xx.c.obj
 .debug_aranges
                0x0000000000000128       0x28 CMakeFiles/cmake_Example_H743.dir/Core/Startup/startup_stm32h743iitx.s.obj
 .debug_aranges
                0x0000000000000150      0x198 CMakeFiles/cmake_Example_H743.dir/Drivers/STM32H7xx_HAL_Driver/Src/stm32h7xx_hal.c.obj
 .debug_aranges
                0x00000000000002e8       0xb0 CMakeFiles/cmake_Example_H743.dir/Drivers/STM32H7xx_HAL_Driver/Src/stm32h7xx_hal_cortex.c.obj
 .debug_aranges
                0x0000000000000398       0x58 CMakeFiles/cmake_Example_H743.dir/Drivers/STM32H7xx_HAL_Driver/Src/stm32h7xx_hal_gpio.c.obj
 .debug_aranges
                0x00000000000003f0      0x158 CMakeFiles/cmake_Example_H743.dir/Drivers/STM32H7xx_HAL_Driver/Src/stm32h7xx_hal_pwr_ex.c.obj
 .debug_aranges
                0x0000000000000548       0x88 CMakeFiles/cmake_Example_H743.dir/Drivers/STM32H7xx_HAL_Driver/Src/stm32h7xx_hal_rcc.c.obj
 .debug_aranges
                0x00000000000005d0       0xf8 CMakeFiles/cmake_Example_H743.dir/Drivers/STM32H7xx_HAL_Driver/Src/stm32h7xx_hal_rcc_ex.c.obj
 .debug_aranges
                0x00000000000006c8      0x1a8 CMakeFiles/cmake_Example_H743.dir/Drivers/STM32H7xx_HAL_Driver/Src/stm32h7xx_hal_spi.c.obj
 .debug_aranges
                0x0000000000000870       0x28 CMakeFiles/cmake_Example_H743.dir/FATFS/App/fatfs.c.obj
 .debug_aranges
                0x0000000000000898       0x40 CMakeFiles/cmake_Example_H743.dir/FATFS/Target/user_diskio.c.obj
 .debug_aranges
                0x00000000000008d8       0x40 CMakeFiles/cmake_Example_H743.dir/Middlewares/Third_Party/FatFs/src/ff_gen_drv.c.obj

.debug_ranges   0x0000000000000000      0x928
 .debug_ranges  0x0000000000000000       0x20 CMakeFiles/cmake_Example_H743.dir/Core/Src/main.c.obj
 .debug_ranges  0x0000000000000020       0x10 CMakeFiles/cmake_Example_H743.dir/Core/Src/gpio.c.obj
 .debug_ranges  0x0000000000000030       0x20 CMakeFiles/cmake_Example_H743.dir/Core/Src/spi.c.obj
 .debug_ranges  0x0000000000000050       0x50 CMakeFiles/cmake_Example_H743.dir/Core/Src/stm32h7xx_it.c.obj
 .debug_ranges  0x00000000000000a0       0x10 CMakeFiles/cmake_Example_H743.dir/Core/Src/sysmem.c.obj
 .debug_ranges  0x00000000000000b0       0x18 CMakeFiles/cmake_Example_H743.dir/Core/Src/system_stm32h7xx.c.obj
 .debug_ranges  0x00000000000000c8       0x20 CMakeFiles/cmake_Example_H743.dir/Core/Startup/startup_stm32h743iitx.s.obj
 .debug_ranges  0x00000000000000e8      0x188 CMakeFiles/cmake_Example_H743.dir/Drivers/STM32H7xx_HAL_Driver/Src/stm32h7xx_hal.c.obj
 .debug_ranges  0x0000000000000270       0xe8 CMakeFiles/cmake_Example_H743.dir/Drivers/STM32H7xx_HAL_Driver/Src/stm32h7xx_hal_cortex.c.obj
 .debug_ranges  0x0000000000000358       0x48 CMakeFiles/cmake_Example_H743.dir/Drivers/STM32H7xx_HAL_Driver/Src/stm32h7xx_hal_gpio.c.obj
 .debug_ranges  0x00000000000003a0      0x1a8 CMakeFiles/cmake_Example_H743.dir/Drivers/STM32H7xx_HAL_Driver/Src/stm32h7xx_hal_pwr_ex.c.obj
 .debug_ranges  0x0000000000000548       0xe8 CMakeFiles/cmake_Example_H743.dir/Drivers/STM32H7xx_HAL_Driver/Src/stm32h7xx_hal_rcc.c.obj
 .debug_ranges  0x0000000000000630       0xe8 CMakeFiles/cmake_Example_H743.dir/Drivers/STM32H7xx_HAL_Driver/Src/stm32h7xx_hal_rcc_ex.c.obj
 .debug_ranges  0x0000000000000718      0x198 CMakeFiles/cmake_Example_H743.dir/Drivers/STM32H7xx_HAL_Driver/Src/stm32h7xx_hal_spi.c.obj
 .debug_ranges  0x00000000000008b0       0x18 CMakeFiles/cmake_Example_H743.dir/FATFS/App/fatfs.c.obj
 .debug_ranges  0x00000000000008c8       0x30 CMakeFiles/cmake_Example_H743.dir/FATFS/Target/user_diskio.c.obj
 .debug_ranges  0x00000000000008f8       0x30 CMakeFiles/cmake_Example_H743.dir/Middlewares/Third_Party/FatFs/src/ff_gen_drv.c.obj

.debug_macro    0x0000000000000000    0x36472
 .debug_macro   0x0000000000000000      0x338 CMakeFiles/cmake_Example_H743.dir/Core/Src/main.c.obj
 .debug_macro   0x0000000000000338      0xac0 CMakeFiles/cmake_Example_H743.dir/Core/Src/main.c.obj
 .debug_macro   0x0000000000000df8      0x232 CMakeFiles/cmake_Example_H743.dir/Core/Src/main.c.obj
 .debug_macro   0x000000000000102a       0x2e CMakeFiles/cmake_Example_H743.dir/Core/Src/main.c.obj
 .debug_macro   0x0000000000001058       0x3b CMakeFiles/cmake_Example_H743.dir/Core/Src/main.c.obj
 .debug_macro   0x0000000000001093       0x22 CMakeFiles/cmake_Example_H743.dir/Core/Src/main.c.obj
 .debug_macro   0x00000000000010b5       0x8e CMakeFiles/cmake_Example_H743.dir/Core/Src/main.c.obj
 .debug_macro   0x0000000000001143       0x51 CMakeFiles/cmake_Example_H743.dir/Core/Src/main.c.obj
 .debug_macro   0x0000000000001194      0x103 CMakeFiles/cmake_Example_H743.dir/Core/Src/main.c.obj
 .debug_macro   0x0000000000001297       0x6a CMakeFiles/cmake_Example_H743.dir/Core/Src/main.c.obj
 .debug_macro   0x0000000000001301      0x1df CMakeFiles/cmake_Example_H743.dir/Core/Src/main.c.obj
 .debug_macro   0x00000000000014e0       0x1c CMakeFiles/cmake_Example_H743.dir/Core/Src/main.c.obj
 .debug_macro   0x00000000000014fc       0x22 CMakeFiles/cmake_Example_H743.dir/Core/Src/main.c.obj
 .debug_macro   0x000000000000151e      0x101 CMakeFiles/cmake_Example_H743.dir/Core/Src/main.c.obj
 .debug_macro   0x000000000000161f     0x1305 CMakeFiles/cmake_Example_H743.dir/Core/Src/main.c.obj
 .debug_macro   0x0000000000002924      0x11f CMakeFiles/cmake_Example_H743.dir/Core/Src/main.c.obj
 .debug_macro   0x0000000000002a43       0x27 CMakeFiles/cmake_Example_H743.dir/Core/Src/main.c.obj
 .debug_macro   0x0000000000002a6a    0x25882 CMakeFiles/cmake_Example_H743.dir/Core/Src/main.c.obj
 .debug_macro   0x00000000000282ec       0x6d CMakeFiles/cmake_Example_H743.dir/Core/Src/main.c.obj
 .debug_macro   0x0000000000028359     0x3d5d CMakeFiles/cmake_Example_H743.dir/Core/Src/main.c.obj
 .debug_macro   0x000000000002c0b6      0x174 CMakeFiles/cmake_Example_H743.dir/Core/Src/main.c.obj
 .debug_macro   0x000000000002c22a       0x4c CMakeFiles/cmake_Example_H743.dir/Core/Src/main.c.obj
 .debug_macro   0x000000000002c276       0x17 CMakeFiles/cmake_Example_H743.dir/Core/Src/main.c.obj
 .debug_macro   0x000000000002c28d       0x3c CMakeFiles/cmake_Example_H743.dir/Core/Src/main.c.obj
 .debug_macro   0x000000000002c2c9       0x34 CMakeFiles/cmake_Example_H743.dir/Core/Src/main.c.obj
 .debug_macro   0x000000000002c2fd       0x16 CMakeFiles/cmake_Example_H743.dir/Core/Src/main.c.obj
 .debug_macro   0x000000000002c313       0x43 CMakeFiles/cmake_Example_H743.dir/Core/Src/main.c.obj
 .debug_macro   0x000000000002c356       0x34 CMakeFiles/cmake_Example_H743.dir/Core/Src/main.c.obj
 .debug_macro   0x000000000002c38a       0x10 CMakeFiles/cmake_Example_H743.dir/Core/Src/main.c.obj
 .debug_macro   0x000000000002c39a       0x58 CMakeFiles/cmake_Example_H743.dir/Core/Src/main.c.obj
 .debug_macro   0x000000000002c3f2      0x197 CMakeFiles/cmake_Example_H743.dir/Core/Src/main.c.obj
 .debug_macro   0x000000000002c589      0x333 CMakeFiles/cmake_Example_H743.dir/Core/Src/main.c.obj
 .debug_macro   0x000000000002c8bc      0x1a9 CMakeFiles/cmake_Example_H743.dir/Core/Src/main.c.obj
 .debug_macro   0x000000000002ca65       0x5d CMakeFiles/cmake_Example_H743.dir/Core/Src/main.c.obj
 .debug_macro   0x000000000002cac2     0x2382 CMakeFiles/cmake_Example_H743.dir/Core/Src/main.c.obj
 .debug_macro   0x000000000002ee44     0x102c CMakeFiles/cmake_Example_H743.dir/Core/Src/main.c.obj
 .debug_macro   0x000000000002fe70      0x154 CMakeFiles/cmake_Example_H743.dir/Core/Src/main.c.obj
 .debug_macro   0x000000000002ffc4      0x114 CMakeFiles/cmake_Example_H743.dir/Core/Src/main.c.obj
 .debug_macro   0x00000000000300d8      0x3b2 CMakeFiles/cmake_Example_H743.dir/Core/Src/main.c.obj
 .debug_macro   0x000000000003048a       0xac CMakeFiles/cmake_Example_H743.dir/Core/Src/main.c.obj
 .debug_macro   0x0000000000030536      0x72d CMakeFiles/cmake_Example_H743.dir/Core/Src/main.c.obj
 .debug_macro   0x0000000000030c63      0x228 CMakeFiles/cmake_Example_H743.dir/Core/Src/main.c.obj
 .debug_macro   0x0000000000030e8b       0x66 CMakeFiles/cmake_Example_H743.dir/Core/Src/main.c.obj
 .debug_macro   0x0000000000030ef1      0x3bb CMakeFiles/cmake_Example_H743.dir/Core/Src/main.c.obj
 .debug_macro   0x00000000000312ac      0x3e4 CMakeFiles/cmake_Example_H743.dir/Core/Src/main.c.obj
 .debug_macro   0x0000000000031690      0x275 CMakeFiles/cmake_Example_H743.dir/Core/Src/main.c.obj
 .debug_macro   0x0000000000031905      0x3ca CMakeFiles/cmake_Example_H743.dir/Core/Src/main.c.obj
 .debug_macro   0x0000000000031ccf      0x408 CMakeFiles/cmake_Example_H743.dir/Core/Src/main.c.obj
 .debug_macro   0x00000000000320d7       0x51 CMakeFiles/cmake_Example_H743.dir/Core/Src/main.c.obj
 .debug_macro   0x0000000000032128       0x4a CMakeFiles/cmake_Example_H743.dir/Core/Src/main.c.obj
 .debug_macro   0x0000000000032172      0x22c CMakeFiles/cmake_Example_H743.dir/Core/Src/main.c.obj
 .debug_macro   0x000000000003239e       0x67 CMakeFiles/cmake_Example_H743.dir/Core/Src/main.c.obj
 .debug_macro   0x0000000000032405       0xa5 CMakeFiles/cmake_Example_H743.dir/Core/Src/main.c.obj
 .debug_macro   0x00000000000324aa      0x1c4 CMakeFiles/cmake_Example_H743.dir/Core/Src/main.c.obj
 .debug_macro   0x000000000003266e      0x25e CMakeFiles/cmake_Example_H743.dir/Core/Src/main.c.obj
 .debug_macro   0x00000000000328cc       0x35 CMakeFiles/cmake_Example_H743.dir/Core/Src/main.c.obj
 .debug_macro   0x0000000000032901      0x5e4 CMakeFiles/cmake_Example_H743.dir/Core/Src/main.c.obj
 .debug_macro   0x0000000000032ee5       0xba CMakeFiles/cmake_Example_H743.dir/Core/Src/main.c.obj
 .debug_macro   0x0000000000032f9f      0x5a0 CMakeFiles/cmake_Example_H743.dir/Core/Src/main.c.obj
 .debug_macro   0x000000000003353f       0x28 CMakeFiles/cmake_Example_H743.dir/Core/Src/main.c.obj
 .debug_macro   0x0000000000033567       0xeb CMakeFiles/cmake_Example_H743.dir/Core/Src/main.c.obj
 .debug_macro   0x0000000000033652       0x16 CMakeFiles/cmake_Example_H743.dir/Core/Src/main.c.obj
 .debug_macro   0x0000000000033668       0x35 CMakeFiles/cmake_Example_H743.dir/Core/Src/main.c.obj
 .debug_macro   0x000000000003369d       0x16 CMakeFiles/cmake_Example_H743.dir/Core/Src/main.c.obj
 .debug_macro   0x00000000000336b3       0x29 CMakeFiles/cmake_Example_H743.dir/Core/Src/main.c.obj
 .debug_macro   0x00000000000336dc       0x12 CMakeFiles/cmake_Example_H743.dir/Core/Src/main.c.obj
 .debug_macro   0x00000000000336ee       0xe2 CMakeFiles/cmake_Example_H743.dir/Core/Src/main.c.obj
 .debug_macro   0x00000000000337d0       0x8e CMakeFiles/cmake_Example_H743.dir/Core/Src/main.c.obj
 .debug_macro   0x000000000003385e      0x2a3 CMakeFiles/cmake_Example_H743.dir/Core/Src/gpio.c.obj
 .debug_macro   0x0000000000033b01      0x2a3 CMakeFiles/cmake_Example_H743.dir/Core/Src/spi.c.obj
 .debug_macro   0x0000000000033da4      0x2a3 CMakeFiles/cmake_Example_H743.dir/Core/Src/stm32h7xx_it.c.obj
 .debug_macro   0x0000000000034047       0xec CMakeFiles/cmake_Example_H743.dir/Core/Src/sysmem.c.obj
 .debug_macro   0x0000000000034133      0x23b CMakeFiles/cmake_Example_H743.dir/Core/Src/sysmem.c.obj
 .debug_macro   0x000000000003436e      0x28a CMakeFiles/cmake_Example_H743.dir/Core/Src/system_stm32h7xx.c.obj
 .debug_macro   0x00000000000345f8      0x2b4 CMakeFiles/cmake_Example_H743.dir/Drivers/STM32H7xx_HAL_Driver/Src/stm32h7xx_hal.c.obj
 .debug_macro   0x00000000000348ac      0x28a CMakeFiles/cmake_Example_H743.dir/Drivers/STM32H7xx_HAL_Driver/Src/stm32h7xx_hal_cortex.c.obj
 .debug_macro   0x0000000000034b36      0x291 CMakeFiles/cmake_Example_H743.dir/Drivers/STM32H7xx_HAL_Driver/Src/stm32h7xx_hal_gpio.c.obj
 .debug_macro   0x0000000000034dc7      0x2c3 CMakeFiles/cmake_Example_H743.dir/Drivers/STM32H7xx_HAL_Driver/Src/stm32h7xx_hal_pwr_ex.c.obj
 .debug_macro   0x000000000003508a      0x2ae CMakeFiles/cmake_Example_H743.dir/Drivers/STM32H7xx_HAL_Driver/Src/stm32h7xx_hal_rcc.c.obj
 .debug_macro   0x0000000000035338      0x2a8 CMakeFiles/cmake_Example_H743.dir/Drivers/STM32H7xx_HAL_Driver/Src/stm32h7xx_hal_rcc_ex.c.obj
 .debug_macro   0x00000000000355e0      0x299 CMakeFiles/cmake_Example_H743.dir/Drivers/STM32H7xx_HAL_Driver/Src/stm32h7xx_hal_spi.c.obj
 .debug_macro   0x0000000000035879      0x326 CMakeFiles/cmake_Example_H743.dir/FATFS/App/fatfs.c.obj
 .debug_macro   0x0000000000035b9f       0xe5 CMakeFiles/cmake_Example_H743.dir/FATFS/App/fatfs.c.obj
 .debug_macro   0x0000000000035c84      0x33e CMakeFiles/cmake_Example_H743.dir/FATFS/Target/user_diskio.c.obj
 .debug_macro   0x0000000000035fc2       0x10 CMakeFiles/cmake_Example_H743.dir/FATFS/Target/user_diskio.c.obj
 .debug_macro   0x0000000000035fd2       0x16 CMakeFiles/cmake_Example_H743.dir/FATFS/Target/user_diskio.c.obj
 .debug_macro   0x0000000000035fe8       0x7c CMakeFiles/cmake_Example_H743.dir/FATFS/Target/user_diskio.c.obj
 .debug_macro   0x0000000000036064       0xfb CMakeFiles/cmake_Example_H743.dir/FATFS/Target/user_diskio.c.obj
 .debug_macro   0x000000000003615f      0x313 CMakeFiles/cmake_Example_H743.dir/Middlewares/Third_Party/FatFs/src/ff_gen_drv.c.obj

.debug_line     0x0000000000000000     0xee3b
 .debug_line    0x0000000000000000      0xa45 CMakeFiles/cmake_Example_H743.dir/Core/Src/main.c.obj
 .debug_line    0x0000000000000a45      0x819 CMakeFiles/cmake_Example_H743.dir/Core/Src/gpio.c.obj
 .debug_line    0x000000000000125e      0x948 CMakeFiles/cmake_Example_H743.dir/Core/Src/spi.c.obj
 .debug_line    0x0000000000001ba6      0x89f CMakeFiles/cmake_Example_H743.dir/Core/Src/stm32h7xx_it.c.obj
 .debug_line    0x0000000000002445      0x417 CMakeFiles/cmake_Example_H743.dir/Core/Src/sysmem.c.obj
 .debug_line    0x000000000000285c      0xa15 CMakeFiles/cmake_Example_H743.dir/Core/Src/system_stm32h7xx.c.obj
 .debug_line    0x0000000000003271       0xa8 CMakeFiles/cmake_Example_H743.dir/Core/Startup/startup_stm32h743iitx.s.obj
 .debug_line    0x0000000000003319      0xe6e CMakeFiles/cmake_Example_H743.dir/Drivers/STM32H7xx_HAL_Driver/Src/stm32h7xx_hal.c.obj
 .debug_line    0x0000000000004187      0xd78 CMakeFiles/cmake_Example_H743.dir/Drivers/STM32H7xx_HAL_Driver/Src/stm32h7xx_hal_cortex.c.obj
 .debug_line    0x0000000000004eff      0xcdd CMakeFiles/cmake_Example_H743.dir/Drivers/STM32H7xx_HAL_Driver/Src/stm32h7xx_hal_gpio.c.obj
 .debug_line    0x0000000000005bdc     0x1025 CMakeFiles/cmake_Example_H743.dir/Drivers/STM32H7xx_HAL_Driver/Src/stm32h7xx_hal_pwr_ex.c.obj
 .debug_line    0x0000000000006c01     0x17b8 CMakeFiles/cmake_Example_H743.dir/Drivers/STM32H7xx_HAL_Driver/Src/stm32h7xx_hal_rcc.c.obj
 .debug_line    0x00000000000083b9     0x2574 CMakeFiles/cmake_Example_H743.dir/Drivers/STM32H7xx_HAL_Driver/Src/stm32h7xx_hal_rcc_ex.c.obj
 .debug_line    0x000000000000a92d     0x2999 CMakeFiles/cmake_Example_H743.dir/Drivers/STM32H7xx_HAL_Driver/Src/stm32h7xx_hal_spi.c.obj
 .debug_line    0x000000000000d2c6      0x8c7 CMakeFiles/cmake_Example_H743.dir/FATFS/App/fatfs.c.obj
 .debug_line    0x000000000000db8d      0x917 CMakeFiles/cmake_Example_H743.dir/FATFS/Target/user_diskio.c.obj
 .debug_line    0x000000000000e4a4      0x997 CMakeFiles/cmake_Example_H743.dir/Middlewares/Third_Party/FatFs/src/ff_gen_drv.c.obj

.debug_str      0x0000000000000000   0x153656
 .debug_str     0x0000000000000000   0x14fc00 CMakeFiles/cmake_Example_H743.dir/Core/Src/main.c.obj
                                     0x1501bd (size before relaxing)
 .debug_str     0x000000000014fc00      0x296 CMakeFiles/cmake_Example_H743.dir/Core/Src/gpio.c.obj
                                     0x14f2bc (size before relaxing)
 .debug_str     0x000000000014fe96      0x39b CMakeFiles/cmake_Example_H743.dir/Core/Src/spi.c.obj
                                     0x14fc30 (size before relaxing)
 .debug_str     0x0000000000150231       0xe9 CMakeFiles/cmake_Example_H743.dir/Core/Src/stm32h7xx_it.c.obj
                                     0x14f072 (size before relaxing)
 .debug_str     0x000000000015031a      0x511 CMakeFiles/cmake_Example_H743.dir/Core/Src/sysmem.c.obj
                                       0x6226 (size before relaxing)
 .debug_str     0x000000000015082b      0x335 CMakeFiles/cmake_Example_H743.dir/Core/Src/system_stm32h7xx.c.obj
                                     0x14f476 (size before relaxing)
 .debug_str     0x0000000000150b60       0x56 CMakeFiles/cmake_Example_H743.dir/Core/Startup/startup_stm32h743iitx.s.obj
                                         0x87 (size before relaxing)
 .debug_str     0x0000000000150bb6      0xf73 CMakeFiles/cmake_Example_H743.dir/Drivers/STM32H7xx_HAL_Driver/Src/stm32h7xx_hal.c.obj
                                     0x150301 (size before relaxing)
 .debug_str     0x0000000000151b29      0x37a CMakeFiles/cmake_Example_H743.dir/Drivers/STM32H7xx_HAL_Driver/Src/stm32h7xx_hal_cortex.c.obj
                                     0x14fdac (size before relaxing)
 .debug_str     0x0000000000151ea3      0x10c CMakeFiles/cmake_Example_H743.dir/Drivers/STM32H7xx_HAL_Driver/Src/stm32h7xx_hal_gpio.c.obj
                                     0x14f46e (size before relaxing)
 .debug_str     0x0000000000151faf      0x65b CMakeFiles/cmake_Example_H743.dir/Drivers/STM32H7xx_HAL_Driver/Src/stm32h7xx_hal_pwr_ex.c.obj
                                     0x14f91d (size before relaxing)
 .debug_str     0x000000000015260a      0x24e CMakeFiles/cmake_Example_H743.dir/Drivers/STM32H7xx_HAL_Driver/Src/stm32h7xx_hal_rcc.c.obj
                                     0x14f806 (size before relaxing)
 .debug_str     0x0000000000152858      0x66b CMakeFiles/cmake_Example_H743.dir/Drivers/STM32H7xx_HAL_Driver/Src/stm32h7xx_hal_rcc_ex.c.obj
                                     0x14fcf2 (size before relaxing)
 .debug_str     0x0000000000152ec3      0x59b CMakeFiles/cmake_Example_H743.dir/Drivers/STM32H7xx_HAL_Driver/Src/stm32h7xx_hal_spi.c.obj
                                     0x14fb04 (size before relaxing)
 .debug_str     0x000000000015345e       0x52 CMakeFiles/cmake_Example_H743.dir/FATFS/App/fatfs.c.obj
                                     0x14f8aa (size before relaxing)
 .debug_str     0x00000000001534b0       0xcc CMakeFiles/cmake_Example_H743.dir/FATFS/Target/user_diskio.c.obj
                                     0x14f7e8 (size before relaxing)
 .debug_str     0x000000000015357c       0xda CMakeFiles/cmake_Example_H743.dir/Middlewares/Third_Party/FatFs/src/ff_gen_drv.c.obj
                                     0x14f80a (size before relaxing)

.comment        0x0000000000000000       0x62
 .comment       0x0000000000000000       0x62 CMakeFiles/cmake_Example_H743.dir/Core/Src/main.c.obj
                                         0x63 (size before relaxing)
 .comment       0x0000000000000062       0x63 CMakeFiles/cmake_Example_H743.dir/Core/Src/gpio.c.obj
 .comment       0x0000000000000062       0x63 CMakeFiles/cmake_Example_H743.dir/Core/Src/spi.c.obj
 .comment       0x0000000000000062       0x63 CMakeFiles/cmake_Example_H743.dir/Core/Src/stm32h7xx_it.c.obj
 .comment       0x0000000000000062       0x63 CMakeFiles/cmake_Example_H743.dir/Core/Src/sysmem.c.obj
 .comment       0x0000000000000062       0x63 CMakeFiles/cmake_Example_H743.dir/Core/Src/system_stm32h7xx.c.obj
 .comment       0x0000000000000062       0x63 CMakeFiles/cmake_Example_H743.dir/Drivers/STM32H7xx_HAL_Driver/Src/stm32h7xx_hal.c.obj
 .comment       0x0000000000000062       0x63 CMakeFiles/cmake_Example_H743.dir/Drivers/STM32H7xx_HAL_Driver/Src/stm32h7xx_hal_cortex.c.obj
 .comment       0x0000000000000062       0x63 CMakeFiles/cmake_Example_H743.dir/Drivers/STM32H7xx_HAL_Driver/Src/stm32h7xx_hal_gpio.c.obj
 .comment       0x0000000000000062       0x63 CMakeFiles/cmake_Example_H743.dir/Drivers/STM32H7xx_HAL_Driver/Src/stm32h7xx_hal_pwr_ex.c.obj
 .comment       0x0000000000000062       0x63 CMakeFiles/cmake_Example_H743.dir/Drivers/STM32H7xx_HAL_Driver/Src/stm32h7xx_hal_rcc.c.obj
 .comment       0x0000000000000062       0x63 CMakeFiles/cmake_Example_H743.dir/Drivers/STM32H7xx_HAL_Driver/Src/stm32h7xx_hal_rcc_ex.c.obj
 .comment       0x0000000000000062       0x63 CMakeFiles/cmake_Example_H743.dir/Drivers/STM32H7xx_HAL_Driver/Src/stm32h7xx_hal_spi.c.obj
 .comment       0x0000000000000062       0x63 CMakeFiles/cmake_Example_H743.dir/FATFS/App/fatfs.c.obj
 .comment       0x0000000000000062       0x63 CMakeFiles/cmake_Example_H743.dir/FATFS/Target/user_diskio.c.obj
 .comment       0x0000000000000062       0x63 CMakeFiles/cmake_Example_H743.dir/Middlewares/Third_Party/FatFs/src/ff_gen_drv.c.obj

.debug_loc      0x0000000000000000     0x5d10
 .debug_loc     0x0000000000000000       0x64 CMakeFiles/cmake_Example_H743.dir/Core/Src/spi.c.obj